Component: ARM Compiler 5.06 update 6 (build 750) Tool: armlink [4d35ed]

==============================================================================

Section Cross References

    startup_stm32f407xx.o(RESET) refers to startup_stm32f407xx.o(STACK) for __initial_sp
    startup_stm32f407xx.o(RESET) refers to startup_stm32f407xx.o(.text) for Reset_Handler
    startup_stm32f407xx.o(RESET) refers to stm32f4xx_it.o(i.NMI_Handler) for NMI_Handler
    startup_stm32f407xx.o(RESET) refers to stm32f4xx_it.o(i.HardFault_Handler) for HardFault_Handler
    startup_stm32f407xx.o(RESET) refers to stm32f4xx_it.o(i.MemManage_Handler) for MemManage_Handler
    startup_stm32f407xx.o(RESET) refers to stm32f4xx_it.o(i.BusFault_Handler) for BusFault_Handler
    startup_stm32f407xx.o(RESET) refers to stm32f4xx_it.o(i.UsageFault_Handler) for UsageFault_Handler
    startup_stm32f407xx.o(RESET) refers to stm32f4xx_it.o(i.SVC_Handler) for SVC_Handler
    startup_stm32f407xx.o(RESET) refers to stm32f4xx_it.o(i.DebugMon_Handler) for DebugMon_Handler
    startup_stm32f407xx.o(RESET) refers to stm32f4xx_it.o(i.PendSV_Handler) for PendSV_Handler
    startup_stm32f407xx.o(RESET) refers to stm32f4xx_it.o(i.SysTick_Handler) for SysTick_Handler
    startup_stm32f407xx.o(RESET) refers to stm32f4xx_it.o(i.TIM3_IRQHandler) for TIM3_IRQHandler
    startup_stm32f407xx.o(RESET) refers to stm32f4xx_it.o(i.OTG_FS_IRQHandler) for OTG_FS_IRQHandler
    startup_stm32f407xx.o(.text) refers to system_stm32f4xx.o(i.SystemInit) for SystemInit
    startup_stm32f407xx.o(.text) refers to entry.o(.ARM.Collect$$$$00000000) for __main
    main.o(i.CDC_ReceiveCallback) refers to usbd_cdc_if.o(i.CDC_Transmit_FS) for CDC_Transmit_FS
    main.o(i.CDC_ReceiveCallback) refers to stm32f4xx_hal_tim.o(i.HAL_TIM_Base_Start_IT) for HAL_TIM_Base_Start_IT
    main.o(i.CDC_ReceiveCallback) refers to stm32f4xx_hal_tim.o(i.HAL_TIM_Encoder_Start) for HAL_TIM_Encoder_Start
    main.o(i.CDC_ReceiveCallback) refers to memcpya.o(.text) for __aeabi_memcpy
    main.o(i.CDC_ReceiveCallback) refers to stm32f4xx_hal_tim.o(i.HAL_TIM_Base_Stop_IT) for HAL_TIM_Base_Stop_IT
    main.o(i.CDC_ReceiveCallback) refers to stm32f4xx_hal_tim.o(i.HAL_TIM_Encoder_Stop) for HAL_TIM_Encoder_Stop
    main.o(i.CDC_ReceiveCallback) refers to main.o(.bss) for .bss
    main.o(i.CDC_ReceiveCallback) refers to main.o(.data) for .data
    main.o(i.HAL_TIM_PeriodElapsedCallback) refers to main.o(i.fuzzy_setpos) for fuzzy_setpos
    main.o(i.HAL_TIM_PeriodElapsedCallback) refers to main.o(i.fuzzy) for fuzzy
    main.o(i.HAL_TIM_PeriodElapsedCallback) refers to stm32f4xx_hal_gpio.o(i.HAL_GPIO_WritePin) for HAL_GPIO_WritePin
    main.o(i.HAL_TIM_PeriodElapsedCallback) refers to memcpya.o(.text) for __aeabi_memcpy4
    main.o(i.HAL_TIM_PeriodElapsedCallback) refers to usbd_cdc_if.o(i.CDC_Transmit_FS) for CDC_Transmit_FS
    main.o(i.HAL_TIM_PeriodElapsedCallback) refers to main.o(.data) for .data
    main.o(i.HAL_TIM_PeriodElapsedCallback) refers to main.o(.bss) for .bss
    main.o(i.MX_GPIO_Init) refers to memseta.o(.text) for __aeabi_memclr4
    main.o(i.MX_GPIO_Init) refers to stm32f4xx_hal_gpio.o(i.HAL_GPIO_WritePin) for HAL_GPIO_WritePin
    main.o(i.MX_GPIO_Init) refers to stm32f4xx_hal_gpio.o(i.HAL_GPIO_Init) for HAL_GPIO_Init
    main.o(i.MX_TIM1_Init) refers to memseta.o(.text) for __aeabi_memclr4
    main.o(i.MX_TIM1_Init) refers to stm32f4xx_hal_tim.o(i.HAL_TIM_Encoder_Init) for HAL_TIM_Encoder_Init
    main.o(i.MX_TIM1_Init) refers to stm32f4xx_hal_tim_ex.o(i.HAL_TIMEx_MasterConfigSynchronization) for HAL_TIMEx_MasterConfigSynchronization
    main.o(i.MX_TIM1_Init) refers to main.o(.bss) for .bss
    main.o(i.MX_TIM2_Init) refers to memseta.o(.text) for __aeabi_memclr4
    main.o(i.MX_TIM2_Init) refers to stm32f4xx_hal_tim.o(i.HAL_TIM_Base_Init) for HAL_TIM_Base_Init
    main.o(i.MX_TIM2_Init) refers to stm32f4xx_hal_tim.o(i.HAL_TIM_ConfigClockSource) for HAL_TIM_ConfigClockSource
    main.o(i.MX_TIM2_Init) refers to stm32f4xx_hal_tim.o(i.HAL_TIM_PWM_Init) for HAL_TIM_PWM_Init
    main.o(i.MX_TIM2_Init) refers to stm32f4xx_hal_tim_ex.o(i.HAL_TIMEx_MasterConfigSynchronization) for HAL_TIMEx_MasterConfigSynchronization
    main.o(i.MX_TIM2_Init) refers to stm32f4xx_hal_tim.o(i.HAL_TIM_PWM_ConfigChannel) for HAL_TIM_PWM_ConfigChannel
    main.o(i.MX_TIM2_Init) refers to stm32f4xx_hal_msp.o(i.HAL_TIM_MspPostInit) for HAL_TIM_MspPostInit
    main.o(i.MX_TIM2_Init) refers to main.o(.bss) for .bss
    main.o(i.MX_TIM3_Init) refers to stm32f4xx_hal_tim.o(i.HAL_TIM_Base_Init) for HAL_TIM_Base_Init
    main.o(i.MX_TIM3_Init) refers to stm32f4xx_hal_tim.o(i.HAL_TIM_ConfigClockSource) for HAL_TIM_ConfigClockSource
    main.o(i.MX_TIM3_Init) refers to stm32f4xx_hal_tim_ex.o(i.HAL_TIMEx_MasterConfigSynchronization) for HAL_TIMEx_MasterConfigSynchronization
    main.o(i.MX_TIM3_Init) refers to main.o(.bss) for .bss
    main.o(i.SystemClock_Config) refers to memseta.o(.text) for __aeabi_memclr4
[...]
    i.HAL_TIMEx_CommutCallback               0x0800170e   Section        0  stm32f4xx_hal_tim_ex.o(i.HAL_TIMEx_CommutCallback)
    i.HAL_TIMEx_MasterConfigSynchronization  0x08001710   Section        0  stm32f4xx_hal_tim_ex.o(i.HAL_TIMEx_MasterConfigSynchronization)
    i.HAL_TIM_Base_Init                      0x080017a0   Section        0  stm32f4xx_hal_tim.o(i.HAL_TIM_Base_Init)
    i.HAL_TIM_Base_MspInit                   0x080017d8   Section        0  stm32f4xx_hal_msp.o(i.HAL_TIM_Base_MspInit)
    i.HAL_TIM_Base_Start_IT                  0x08001828   Section        0  stm32f4xx_hal_tim.o(i.HAL_TIM_Base_Start_IT)
    i.HAL_TIM_Base_Stop_IT                   0x0800184a   Section        0  stm32f4xx_hal_tim.o(i.HAL_TIM_Base_Stop_IT)
    i.HAL_TIM_ConfigClockSource              0x08001874   Section        0  stm32f4xx_hal_tim.o(i.HAL_TIM_ConfigClockSource)
    i.HAL_TIM_Encoder_Init                   0x0800194a   Section        0  stm32f4xx_hal_tim.o(i.HAL_TIM_Encoder_Init)
    i.HAL_TIM_Encoder_MspInit                0x080019e4   Section        0  stm32f4xx_hal_msp.o(i.HAL_TIM_Encoder_MspInit)
    i.HAL_TIM_Encoder_Start                  0x08001a4c   Section        0  stm32f4xx_hal_tim.o(i.HAL_TIM_Encoder_Start)
    i.HAL_TIM_Encoder_Stop                   0x08001a80   Section        0  stm32f4xx_hal_tim.o(i.HAL_TIM_Encoder_Stop)
    i.HAL_TIM_IC_CaptureCallback             0x08001ac6   Section        0  stm32f4xx_hal_tim.o(i.HAL_TIM_IC_CaptureCallback)
    i.HAL_TIM_IRQHandler                     0x08001ac8   Section        0  stm32f4xx_hal_tim.o(i.HAL_TIM_IRQHandler)
    i.HAL_TIM_MspPostInit                    0x08001c30   Section        0  stm32f4xx_hal_msp.o(i.HAL_TIM_MspPostInit)
    i.HAL_TIM_OC_DelayElapsedCallback        0x08001c80   Section        0  stm32f4xx_hal_tim.o(i.HAL_TIM_OC_DelayElapsedCallback)
    i.HAL_TIM_PWM_ConfigChannel              0x08001c82   Section        0  stm32f4xx_hal_tim.o(i.HAL_TIM_PWM_ConfigChannel)
    i.HAL_TIM_PWM_Init                       0x08001d52   Section        0  stm32f4xx_hal_tim.o(i.HAL_TIM_PWM_Init)
    i.HAL_TIM_PWM_MspInit                    0x08001d88   Section        0  stm32f4xx_hal_tim.o(i.HAL_TIM_PWM_MspInit)
    i.HAL_TIM_PWM_PulseFinishedCallback      0x08001d8a   Section        0  stm32f4xx_hal_tim.o(i.HAL_TIM_PWM_PulseFinishedCallback)
    i.HAL_TIM_PWM_Start                      0x08001d8c   Section        0  stm32f4xx_hal_tim.o(i.HAL_TIM_PWM_Start)
    i.HAL_TIM_PeriodElapsedCallback          0x08001dd0   Section        0  main.o(i.HAL_TIM_PeriodElapsedCallback)
    i.HAL_TIM_TriggerCallback                0x080021fc   Section        0  stm32f4xx_hal_tim.o(i.HAL_TIM_TriggerCallback)
    i.HardFault_Handler                      0x080021fe   Section        0  stm32f4xx_it.o(i.HardFault_Handler)
    i.IntToUnicode                           0x08002200   Section        0  usbd_desc.o(i.IntToUnicode)
    IntToUnicode                             0x08002201   Thumb Code    56  usbd_desc.o(i.IntToUnicode)
    i.MX_GPIO_Init                           0x08002238   Section        0  main.o(i.MX_GPIO_Init)
    MX_GPIO_Init                             0x08002239   Thumb Code   184  main.o(i.MX_GPIO_Init)
    i.MX_TIM1_Init                           0x08002300   Section        0  main.o(i.MX_TIM1_Init)
    MX_TIM1_Init                             0x08002301   Thumb Code    86  main.o(i.MX_TIM1_Init)
    i.MX_TIM2_Init                           0x08002360   Section        0  main.o(i.MX_TIM2_Init)
    MX_TIM2_Init                             0x08002361   Thumb Code   116  main.o(i.MX_TIM2_Init)
    i.MX_TIM3_Init                           0x080023d8   Section        0  main.o(i.MX_TIM3_Init)
    MX_TIM3_Init                             0x080023d9   Thumb Code    72  main.o(i.MX_TIM3_Init)
    i.MX_USB_DEVICE_Init                     0x08002428   Section        0  usb_device.o(i.MX_USB_DEVICE_Init)
    i.MemManage_Handler                      0x0800247c   Section        0  stm32f4xx_it.o(i.MemManage_Handler)
    i.NMI_Handler                            0x0800247e   Section        0  stm32f4xx_it.o(i.NMI_Handler)
    i.OTG_FS_IRQHandler                      0x08002480   Section        0  stm32f4xx_it.o(i.OTG_FS_IRQHandler)
    i.PCD_EP_OutXfrComplete_int              0x0800248c   Section        0  stm32f4xx_hal_pcd.o(i.PCD_EP_OutXfrComplete_int)
    PCD_EP_OutXfrComplete_int                0x0800248d   Thumb Code   212  stm32f4xx_hal_pcd.o(i.PCD_EP_OutXfrComplete_int)
    i.PCD_WriteEmptyTxFifo                   0x08002568   Section        0  stm32f4xx_hal_pcd.o(i.PCD_WriteEmptyTxFifo)
    PCD_WriteEmptyTxFifo                     0x08002569   Thumb Code   162  stm32f4xx_hal_pcd.o(i.PCD_WriteEmptyTxFifo)
    i.PendSV_Handler                         0x0800260a   Section        0  stm32f4xx_it.o(i.PendSV_Handler)
    i.SVC_Handler                            0x0800260c   Section        0  stm32f4xx_it.o(i.SVC_Handler)
    i.SysTick_Handler                        0x0800260e   Section        0  stm32f4xx_it.o(i.SysTick_Handler)
    i.SystemClock_Config                     0x08002614   Section        0  main.o(i.SystemClock_Config)
    i.SystemInit                             0x08002698   Section        0  system_stm32f4xx.o(i.SystemInit)
    i.TIM3_IRQHandler                        0x080026b4   Section        0  stm32f4xx_it.o(i.TIM3_IRQHandler)
    i.TIM_Base_SetConfig                     0x080026c0   Section        0  stm32f4xx_hal_tim.o(i.TIM_Base_SetConfig)
    i.TIM_CCxChannelCmd                      0x08002788   Section        0  stm32f4xx_hal_tim.o(i.TIM_CCxChannelCmd)
    i.TIM_ETR_SetConfig                      0x080027a2   Section        0  stm32f4xx_hal_tim.o(i.TIM_ETR_SetConfig)
    i.TIM_ITRx_SetConfig                     0x080027b6   Section        0  stm32f4xx_hal_tim.o(i.TIM_ITRx_SetConfig)
    TIM_ITRx_SetConfig                       0x080027b7   Thumb Code    16  stm32f4xx_hal_tim.o(i.TIM_ITRx_SetConfig)
    i.TIM_OC1_SetConfig                      0x080027c8   Section        0  stm32f4xx_hal_tim.o(i.TIM_OC1_SetConfig)
    TIM_OC1_SetConfig                        0x080027c9   Thumb Code    88  stm32f4xx_hal_tim.o(i.TIM_OC1_SetConfig)
    i.TIM_OC2_SetConfig                      0x08002828   Section        0  stm32f4xx_hal_tim.o(i.TIM_OC2_SetConfig)
    i.TIM_OC3_SetConfig                      0x08002894   Section        0  stm32f4xx_hal_tim.o(i.TIM_OC3_SetConfig)
    TIM_OC3_SetConfig                        0x08002895   Thumb Code    96  stm32f4xx_hal_tim.o(i.TIM_OC3_SetConfig)
    i.TIM_OC4_SetConfig                      0x080028fc   Section        0  stm32f4xx_hal_tim.o(i.TIM_OC4_SetConfig)
    TIM_OC4_SetConfig                        0x080028fd   Thumb Code    70  stm32f4xx_hal_tim.o(i.TIM_OC4_SetConfig)
    i.TIM_TI1_ConfigInputStage               0x0800294c   Section        0  stm32f4xx_hal_tim.o(i.TIM_TI1_ConfigInputStage)
    TIM_TI1_ConfigInputStage                 0x0800294d   Thumb Code    34  stm32f4xx_hal_tim.o(i.TIM_TI1_ConfigInputStage)
    i.TIM_TI2_ConfigInputStage               0x0800296e   Section        0  stm32f4xx_hal_tim.o(i.TIM_TI2_ConfigInputStage)
    TIM_TI2_ConfigInputStage                 0x0800296f   Thumb Code    36  stm32f4xx_hal_tim.o(i.TIM_TI2_ConfigInputStage)
    i.USBD_CDC_DataIn                        0x08002992   Section        0  usbd_cdc.o(i.USBD_CDC_DataIn)
    USBD_CDC_DataIn                          0x08002993   Thumb Code    74  usbd_cdc.o(i.USBD_CDC_DataIn)
    i.USBD_CDC_DataOut                       0x080029dc   Section        0  usbd_cdc.o(i.USBD_CDC_DataOut)
    USBD_CDC_DataOut                         0x080029dd   Thumb Code    46  usbd_cdc.o(i.USBD_CDC_DataOut)
    i.USBD_CDC_DeInit                        0x08002a0a   Section        0  usbd_cdc.o(i.USBD_CDC_DeInit)
    USBD_CDC_DeInit                          0x08002a0b   Thumb Code    68  usbd_cdc.o(i.USBD_CDC_DeInit)
    i.USBD_CDC_EP0_RxReady                   0x08002a4e   Section        0  usbd_cdc.o(i.USBD_CDC_EP0_RxReady)
    USBD_CDC_EP0_RxReady                     0x08002a4f   Thumb Code    36  usbd_cdc.o(i.USBD_CDC_EP0_RxReady)
    i.USBD_CDC_GetDeviceQualifierDescriptor  0x08002a74   Section        0  usbd_cdc.o(i.USBD_CDC_GetDeviceQualifierDescriptor)
    i.USBD_CDC_GetFSCfgDesc                  0x08002a80   Section        0  usbd_cdc.o(i.USBD_CDC_GetFSCfgDesc)
    USBD_CDC_GetFSCfgDesc                    0x08002a81   Thumb Code     8  usbd_cdc.o(i.USBD_CDC_GetFSCfgDesc)
    i.USBD_CDC_GetHSCfgDesc                  0x08002a8c   Section        0  usbd_cdc.o(i.USBD_CDC_GetHSCfgDesc)
    USBD_CDC_GetHSCfgDesc                    0x08002a8d   Thumb Code     8  usbd_cdc.o(i.USBD_CDC_GetHSCfgDesc)
    i.USBD_CDC_GetOtherSpeedCfgDesc          0x08002a98   Section        0  usbd_cdc.o(i.USBD_CDC_GetOtherSpeedCfgDesc)
    USBD_CDC_GetOtherSpeedCfgDesc            0x08002a99   Thumb Code     8  usbd_cdc.o(i.USBD_CDC_GetOtherSpeedCfgDesc)
    i.USBD_CDC_Init                          0x08002aa4   Section        0  usbd_cdc.o(i.USBD_CDC_Init)
    USBD_CDC_Init                            0x08002aa5   Thumb Code   148  usbd_cdc.o(i.USBD_CDC_Init)
    i.USBD_CDC_ReceivePacket                 0x08002b38   Section        0  usbd_cdc.o(i.USBD_CDC_ReceivePacket)
    i.USBD_CDC_RegisterInterface             0x08002b60   Section        0  usbd_cdc.o(i.USBD_CDC_RegisterInterface)
    i.USBD_CDC_SetRxBuffer                   0x08002b70   Section        0  usbd_cdc.o(i.USBD_CDC_SetRxBuffer)
    i.USBD_CDC_SetTxBuffer                   0x08002b7c   Section        0  usbd_cdc.o(i.USBD_CDC_SetTxBuffer)
    i.USBD_CDC_Setup                         0x08002b8c   Section        0  usbd_cdc.o(i.USBD_CDC_Setup)
    USBD_CDC_Setup                           0x08002b8d   Thumb Code   172  usbd_cdc.o(i.USBD_CDC_Setup)
    i.USBD_CDC_TransmitPacket                0x08002c38   Section        0  usbd_cdc.o(i.USBD_CDC_TransmitPacket)
    i.USBD_ClrClassConfig                    0x08002c6e   Section        0  usbd_core.o(i.USBD_ClrClassConfig)
    i.USBD_CtlContinueRx                     0x08002c7c   Section        0  usbd_ioreq.o(i.USBD_CtlContinueRx)
    i.USBD_CtlContinueSendData               0x08002c8c   Section        0  usbd_ioreq.o(i.USBD_CtlContinueSendData)
    i.USBD_CtlError                          0x08002c9c   Section        0  usbd_ctlreq.o(i.USBD_CtlError)
    i.USBD_CtlPrepareRx                      0x08002cb2   Section        0  usbd_ioreq.o(i.USBD_CtlPrepareRx)
    i.USBD_CtlReceiveStatus                  0x08002cd0   Section        0  usbd_ioreq.o(i.USBD_CtlReceiveStatus)
    i.USBD_CtlSendData                       0x08002ce6   Section        0  usbd_ioreq.o(i.USBD_CtlSendData)
    i.USBD_CtlSendStatus                     0x08002d00   Section        0  usbd_ioreq.o(i.USBD_CtlSendStatus)
    i.USBD_FS_ConfigStrDescriptor            0x08002d18   Section        0  usbd_desc.o(i.USBD_FS_ConfigStrDescriptor)
    i.USBD_FS_DeviceDescriptor               0x08002d38   Section        0  usbd_desc.o(i.USBD_FS_DeviceDescriptor)
    i.USBD_FS_InterfaceStrDescriptor         0x08002d44   Section        0  usbd_desc.o(i.USBD_FS_InterfaceStrDescriptor)
    i.USBD_FS_LangIDStrDescriptor            0x08002d68   Section        0  usbd_desc.o(i.USBD_FS_LangIDStrDescriptor)
    i.USBD_FS_ManufacturerStrDescriptor      0x08002d74   Section        0  usbd_desc.o(i.USBD_FS_ManufacturerStrDescriptor)
    i.USBD_FS_ProductStrDescriptor           0x08002d9c   Section        0  usbd_desc.o(i.USBD_FS_ProductStrDescriptor)
    i.USBD_FS_SerialStrDescriptor            0x08002dc8   Section        0  usbd_desc.o(i.USBD_FS_SerialStrDescriptor)
    i.USBD_GetDescriptor                     0x08002e00   Section        0  usbd_ctlreq.o(i.USBD_GetDescriptor)
    USBD_GetDescriptor                       0x08002e01   Thumb Code   232  usbd_ctlreq.o(i.USBD_GetDescriptor)
    i.USBD_GetString                         0x08002ee8   Section        0  usbd_ctlreq.o(i.USBD_GetString)
    i.USBD_Get_USB_Status                    0x08002f30   Section        0  usbd_conf.o(i.USBD_Get_USB_Status)
    i.USBD_Init                              0x08002f48   Section        0  usbd_core.o(i.USBD_Init)
    i.USBD_LL_ClearStallEP                   0x08002f72   Section        0  usbd_conf.o(i.USBD_LL_ClearStallEP)
    i.USBD_LL_CloseEP                        0x08002f84   Section        0  usbd_conf.o(i.USBD_LL_CloseEP)
    i.USBD_LL_DataInStage                    0x08002f96   Section        0  usbd_core.o(i.USBD_LL_DataInStage)
    i.USBD_LL_DataOutStage                   0x0800305c   Section        0  usbd_core.o(i.USBD_LL_DataOutStage)
    i.USBD_LL_DevConnected                   0x080030de   Section        0  usbd_core.o(i.USBD_LL_DevConnected)
    i.USBD_LL_DevDisconnected                0x080030e2   Section        0  usbd_core.o(i.USBD_LL_DevDisconnected)
    i.USBD_LL_GetRxDataSize                  0x080030f8   Section        0  usbd_conf.o(i.USBD_LL_GetRxDataSize)
    i.USBD_LL_Init                           0x08003100   Section        0  usbd_conf.o(i.USBD_LL_Init)
    i.USBD_LL_IsStallEP                      0x08003160   Section        0  usbd_conf.o(i.USBD_LL_IsStallEP)
    i.USBD_LL_IsoINIncomplete                0x08003180   Section        0  usbd_core.o(i.USBD_LL_IsoINIncomplete)
    i.USBD_LL_IsoOUTIncomplete               0x08003184   Section        0  usbd_core.o(i.USBD_LL_IsoOUTIncomplete)
    i.USBD_LL_OpenEP                         0x08003188   Section        0  usbd_conf.o(i.USBD_LL_OpenEP)
    i.USBD_LL_PrepareReceive                 0x080031a0   Section        0  usbd_conf.o(i.USBD_LL_PrepareReceive)
    i.USBD_LL_Reset                          0x080031b2   Section        0  usbd_core.o(i.USBD_LL_Reset)
    i.USBD_LL_Resume                         0x08003202   Section        0  usbd_core.o(i.USBD_LL_Resume)
    i.USBD_LL_SOF                            0x0800320e   Section        0  usbd_core.o(i.USBD_LL_SOF)
    i.USBD_LL_SetSpeed                       0x08003226   Section        0  usbd_core.o(i.USBD_LL_SetSpeed)
    i.USBD_LL_SetUSBAddress                  0x0800322c   Section        0  usbd_conf.o(i.USBD_LL_SetUSBAddress)
    i.USBD_LL_SetupStage                     0x0800323e   Section        0  usbd_core.o(i.USBD_LL_SetupStage)
    i.USBD_LL_StallEP                        0x08003298   Section        0  usbd_conf.o(i.USBD_LL_StallEP)
    i.USBD_LL_Start                          0x080032aa   Section        0  usbd_conf.o(i.USBD_LL_Start)
    i.USBD_LL_Suspend                        0x080032bc   Section        0  usbd_core.o(i.USBD_LL_Suspend)
    i.USBD_LL_Transmit                       0x080032ce   Section        0  usbd_conf.o(i.USBD_LL_Transmit)
    i.USBD_ParseSetupRequest                 0x080032e0   Section        0  usbd_ctlreq.o(i.USBD_ParseSetupRequest)
    i.USBD_RegisterClass                     0x08003308   Section        0  usbd_core.o(i.USBD_RegisterClass)
    i.USBD_SetClassConfig                    0x08003318   Section        0  usbd_core.o(i.USBD_SetClassConfig)
    i.USBD_SetConfig                         0x08003330   Section        0  usbd_ctlreq.o(i.USBD_SetConfig)
    USBD_SetConfig                           0x08003331   Thumb Code   128  usbd_ctlreq.o(i.USBD_SetConfig)
    i.USBD_Start                             0x080033b4   Section        0  usbd_core.o(i.USBD_Start)
    i.USBD_StdDevReq                         0x080033be   Section        0  usbd_ctlreq.o(i.USBD_StdDevReq)
    i.USBD_StdEPReq                          0x080034d0   Section        0  usbd_ctlreq.o(i.USBD_StdEPReq)
    i.USBD_StdItfReq                         0x08003620   Section        0  usbd_ctlreq.o(i.USBD_StdItfReq)
    i.USB_ActivateEndpoint                   0x08003670   Section        0  stm32f4xx_ll_usb.o(i.USB_ActivateEndpoint)
    i.USB_ActivateSetup                      0x080036f0   Section        0  stm32f4xx_ll_usb.o(i.USB_ActivateSetup)
    i.USB_CoreInit                           0x08003724   Section        0  stm32f4xx_ll_usb.o(i.USB_CoreInit)
    i.USB_CoreReset                          0x08003798   Section        0  stm32f4xx_ll_usb.o(i.USB_CoreReset)
    USB_CoreReset                            0x08003799   Thumb Code    50  stm32f4xx_ll_usb.o(i.USB_CoreReset)
    i.USB_DeactivateEndpoint                 0x080037d0   Section        0  stm32f4xx_ll_usb.o(i.USB_DeactivateEndpoint)
    i.USB_DevConnect                         0x08003850   Section        0  stm32f4xx_ll_usb.o(i.USB_DevConnect)
    i.USB_DevDisconnect                      0x08003868   Section        0  stm32f4xx_ll_usb.o(i.USB_DevDisconnect)
    i.USB_DevInit                            0x08003880   Section        0  stm32f4xx_ll_usb.o(i.USB_DevInit)
    i.USB_DisableGlobalInt                   0x08003a0c   Section        0  stm32f4xx_ll_usb.o(i.USB_DisableGlobalInt)
    i.USB_EP0StartXfer                       0x08003a18   Section        0  stm32f4xx_ll_usb.o(i.USB_EP0StartXfer)
    i.USB_EP0_OutStart                       0x08003b30   Section        0  stm32f4xx_ll_usb.o(i.USB_EP0_OutStart)
    i.USB_EPClearStall                       0x08003b88   Section        0  stm32f4xx_ll_usb.o(i.USB_EPClearStall)
    i.USB_EPSetStall                         0x08003be0   Section        0  stm32f4xx_ll_usb.o(i.USB_EPSetStall)
    i.USB_EPStartXfer                        0x08003c38   Section        0  stm32f4xx_ll_usb.o(i.USB_EPStartXfer)
    i.USB_EnableGlobalInt                    0x08003e20   Section        0  stm32f4xx_ll_usb.o(i.USB_EnableGlobalInt)
    i.USB_FlushRxFifo                        0x08003e2c   Section        0  stm32f4xx_ll_usb.o(i.USB_FlushRxFifo)
    i.USB_FlushTxFifo                        0x08003e4c   Section        0  stm32f4xx_ll_usb.o(i.USB_FlushTxFifo)
    i.USB_GetDevSpeed                        0x08003e70   Section        0  stm32f4xx_ll_usb.o(i.USB_GetDevSpeed)
    i.USB_GetMode                            0x08003e8a   Section        0  stm32f4xx_ll_usb.o(i.USB_GetMode)
    i.USB_ReadDevAllInEpInterrupt            0x08003e92   Section        0  stm32f4xx_ll_usb.o(i.USB_ReadDevAllInEpInterrupt)
    i.USB_ReadDevAllOutEpInterrupt           0x08003ea0   Section        0  stm32f4xx_ll_usb.o(i.USB_ReadDevAllOutEpInterrupt)
    i.USB_ReadDevInEPInterrupt               0x08003eae   Section        0  stm32f4xx_ll_usb.o(i.USB_ReadDevInEPInterrupt)
    i.USB_ReadDevOutEPInterrupt              0x08003ed2   Section        0  stm32f4xx_ll_usb.o(i.USB_ReadDevOutEPInterrupt)
    i.USB_ReadInterrupts                     0x08003ee2   Section        0  stm32f4xx_ll_usb.o(i.USB_ReadInterrupts)
    i.USB_ReadPacket                         0x08003eea   Section        0  stm32f4xx_ll_usb.o(i.USB_ReadPacket)
    i.USB_SetCurrentMode                     0x08003f06   Section        0  stm32f4xx_ll_usb.o(i.USB_SetCurrentMode)
    i.USB_SetDevAddress                      0x08003f34   Section        0  stm32f4xx_ll_usb.o(i.USB_SetDevAddress)
    i.USB_SetTurnaroundTime                  0x08003f58   Section        0  stm32f4xx_ll_usb.o(i.USB_SetTurnaroundTime)
    i.USB_WritePacket                        0x08004040   Section        0  stm32f4xx_ll_usb.o(i.USB_WritePacket)
    i.UsageFault_Handler                     0x08004064   Section        0  stm32f4xx_it.o(i.UsageFault_Handler)
    i.__NVIC_SetPriority                     0x08004066   Section        0  stm32f4xx_hal_cortex.o(i.__NVIC_SetPriority)
    __NVIC_SetPriority                       0x08004067   Thumb Code    32  stm32f4xx_hal_cortex.o(i.__NVIC_SetPriority)
    i.__scatterload_copy                     0x08004086   Section       14  handlers.o(i.__scatterload_copy)
    i.__scatterload_null                     0x08004094   Section        2  handlers.o(i.__scatterload_null)
    i.__scatterload_zeroinit                 0x08004096   Section       14  handlers.o(i.__scatterload_zeroinit)
    i.free                                   0x080040a4   Section        0  malloc.o(i.free)
    i.fuzzy                                  0x080040f4   Section        0  main.o(i.fuzzy)
    i.fuzzy_setpos                           0x08004348   Section        0  main.o(i.fuzzy_setpos)
    i.main                                   0x080044b4   Section        0  main.o(i.main)
    i.malloc                                 0x0800452c   Section        0  malloc.o(i.malloc)
    .constdata                               0x08004598   Section       16  system_stm32f4xx.o(.constdata)
    .data                                    0x20000000   Section      216  main.o(.data)
    .data                                    0x200000d8   Section       28  usbd_desc.o(.data)
    .data                                    0x200000f4   Section       50  usbd_desc.o(.data)
    .data                                    0x20000128   Section       16  usbd_cdc_if.o(.data)
    .data                                    0x20000138   Section       12  stm32f4xx_hal.o(.data)
    .data                                    0x20000144   Section        4  system_stm32f4xx.o(.data)
    .data                                    0x20000148   Section        1  usbd_ctlreq.o(.data)
    cfgidx                                   0x20000148   Data           1  usbd_ctlreq.o(.data)
    .data                                    0x2000014c   Section      215  usbd_cdc.o(.data)
    USBD_CDC_DeviceQualifierDesc             0x2000014c   Data          10  usbd_cdc.o(.data)
    .data                                    0x20000224   Section       56  usbd_cdc.o(.data)
    .data                                    0x2000025c   Section        4  mvars.o(.data)
    .data                                    0x20000260   Section        4  mvars.o(.data)
    .bss                                     0x20000264   Section      258  main.o(.bss)
    .bss                                     0x20000368   Section      668  usb_device.o(.bss)
    .bss                                     0x20000604   Section     1032  usbd_conf.o(.bss)
    .bss                                     0x20000a0c   Section      512  usbd_desc.o(.bss)
    .bss                                     0x20000c0c   Section     4096  usbd_cdc_if.o(.bss)
    HEAP                                     0x20001c10   Section     8192  startup_stm32f407xx.o(HEAP)
    STACK                                    0x20003c10   Section    16384  startup_stm32f407xx.o(STACK)

    Global Symbols

    Symbol Name                              Value     Ov Type        Size  Object(Section)

    BuildAttributes$$THM_ISAv4$E$P$D$K$B$S$7EM$VFPi3$EXTD16$VFPS$VFMA$PE$A:L22UL41UL21$X:L11$S22US41US21$IEEE1$IW$USESV6$~STKCKD$USESV7$~SHL$OSPACE$EBA8$MICROLIB$REQ8$PRES8$EABIv2 0x00000000   Number         0  anon$$obj.o ABSOLUTE
    __ARM_use_no_argv                        0x00000000   Number         0  main.o ABSOLUTE
    __cpp_initialize__aeabi_                  - Undefined Weak Reference
    __cxa_finalize                            - Undefined Weak Reference
    _clock_init                               - Undefined Weak Reference
    _microlib_exit                            - Undefined Weak Reference
    __Vectors_Size                           0x00000188   Number         0  startup_stm32f407xx.o ABSOLUTE
    __Vectors                                0x08000000   Data           4  startup_stm32f407xx.o(RESET)
    __Vectors_End                            0x08000188   Data           0  startup_stm32f407xx.o(RESET)
    __main                                   0x08000189   Thumb Code     0  entry.o(.ARM.Collect$$$$00000000)
    _main_stk                                0x08000189   Thumb Code     0  entry2.o(.ARM.Collect$$$$00000001)
    _main_scatterload                        0x0800018d   Thumb Code     0  entry5.o(.ARM.Collect$$$$00000004)
    __main_after_scatterload                 0x08000191   Thumb Code     0  entry5.o(.ARM.Collect$$$$00000004)
    _main_clock                              0x08000191   Thumb Code     0  entry7b.o(.ARM.Collect$$$$00000008)
    _main_cpp_init                           0x08000191   Thumb Code     0  entry8b.o(.ARM.Collect$$$$0000000A)
    _main_init                               0x08000191   Thumb Code     0  entry9a.o(.ARM.Collect$$$$0000000B)
    __rt_final_cpp                           0x08000199   Thumb Code     0  entry10a.o(.ARM.Collect$$$$0000000D)
    __rt_final_exit                          0x08000199   Thumb Code     0  entry11a.o(.ARM.Collect$$$$0000000F)
    Reset_Handler                            0x0800019d   Thumb Code     8  startup_stm32f407xx.o(.text)
    ADC_IRQHandler                           0x080001b7   Thumb Code     0  startup_stm32f407xx.o(.text)
    CAN1_RX0_IRQHandler                      0x080001b7   Thumb Code     0  startup_stm32f407xx.o(.text)
    CAN1_RX1_IRQHandler                      0x080001b7   Thumb Code     0  startup_stm32f407xx.o(.text)
    CAN1_SCE_IRQHandler                      0x080001b7   Thumb Code     0  startup_stm32f407xx.o(.text)
    CAN1_TX_IRQHandler                       0x080001b7   Thumb Code     0  startup_stm32f407xx.o(.text)
    CAN2_RX0_IRQHandler                      0x080001b7   Thumb Code     0  startup_stm32f407xx.o(.text)
    CAN2_RX1_IRQHandler                      0x080001b7   Thumb Code     0  startup_stm32f407xx.o(.text)
    CAN2_SCE_IRQHandler                      0x080001b7   Thumb Code     0  startup_stm32f407xx.o(.text)
    CAN2_TX_IRQHandler                       0x080001b7   Thumb Code     0  startup_stm32f407xx.o(.text)
    DCMI_IRQHandler                          0x080001b7   Thumb Code     0  startup_stm32f407xx.o(.text)
    DMA1_Stream0_IRQHandler                  0x080001b7   Thumb Code     0  startup_stm32f407xx.o(.text)
    DMA1_Stream1_IRQHandler                  0x080001b7   Thumb Code     0  startup_stm32f407xx.o(.text)
    DMA1_Stream2_IRQHandler                  0x080001b7   Thumb Code     0  startup_stm32f407xx.o(.text)
    DMA1_Stream3_IRQHandler                  0x080001b7   Thumb Code     0  startup_stm32f407xx.o(.text)
    DMA1_Stream4_IRQHandler                  0x080001b7   Thumb Code     0  startup_stm32f407xx.o(.text)
    DMA1_Stream5_IRQHandler                  0x080001b7   Thumb Code     0  startup_stm32f407xx.o(.text)
    DMA1_Stream6_IRQHandler                  0x080001b7   Thumb Code     0  startup_stm32f407xx.o(.text)
    DMA1_Stream7_IRQHandler                  0x080001b7   Thumb Code     0  startup_stm32f407xx.o(.text)
    DMA2_Stream0_IRQHandler                  0x080001b7   Thumb Code     0  startup_stm32f407xx.o(.text)
    DMA2_Stream1_IRQHandler                  0x080001b7   Thumb Code     0  startup_stm32f407xx.o(.text)
    DMA2_Stream2_IRQHandler                  0x080001b7   Thumb Code     0  startup_stm32f407xx.o(.text)
    DMA2_Stream3_IRQHandler                  0x080001b7   Thumb Code     0  startup_stm32f407xx.o(.text)
    DMA2_Stream4_IRQHandler                  0x080001b7   Thumb Code     0  startup_stm32f407xx.o(.text)
    DMA2_Stream5_IRQHandler                  0x080001b7   Thumb Code     0  startup_stm32f407xx.o(.text)
    DMA2_Stream6_IRQHandler                  0x080001b7   Thumb Code     0  startup_stm32f407xx.o(.text)
    DMA2_Stream7_IRQHandler                  0x080001b7   Thumb Code     0  startup_stm32f407xx.o(.text)
    ETH_IRQHandler                           0x080001b7   Thumb Code     0  startup_stm32f407xx.o(.text)
    ETH_WKUP_IRQHandler                      0x080001b7   Thumb Code     0  startup_stm32f407xx.o(.text)
    EXTI0_IRQHandler                         0x080001b7   Thumb Code     0  startup_stm32f407xx.o(.text)
    EXTI15_10_IRQHandler                     0x080001b7   Thumb Code     0  startup_stm32f407xx.o(.text)
    EXTI1_IRQHandler                         0x080001b7   Thumb Code     0  startup_stm32f407xx.o(.text)
    EXTI2_IRQHandler                         0x080001b7   Thumb Code     0  startup_stm32f407xx.o(.text)
    EXTI3_IRQHandler                         0x080001b7   Thumb Code     0  startup_stm32f407xx.o(.text)
    EXTI4_IRQHandler                         0x080001b7   Thumb Code     0  startup_stm32f407xx.o(.text)
    EXTI9_5_IRQHandler                       0x080001b7   Thumb Code     0  startup_stm32f407xx.o(.text)
    FLASH_IRQHandler                         0x080001b7   Thumb Code     0  startup_stm32f407xx.o(.text)
    FMC_IRQHandler                           0x080001b7   Thumb Code     0  startup_stm32f407xx.o(.text)
    FPU_IRQHandler                           0x080001b7   Thumb Code     0  startup_stm32f407xx.o(.text)
    HASH_RNG_IRQHandler                      0x080001b7   Thumb Code     0  startup_stm32f407xx.o(.text)
    I2C1_ER_IRQHandler                       0x080001b7   Thumb Code     0  startup_stm32f407xx.o(.text)
    I2C1_EV_IRQHandler                       0x080001b7   Thumb Code     0  startup_stm32f407xx.o(.text)
    I2C2_ER_IRQHandler                       0x080001b7   Thumb Code     0  startup_stm32f407xx.o(.text)
    I2C2_EV_IRQHandler                       0x080001b7   Thumb Code     0  startup_stm32f407xx.o(.text)
    I2C3_ER_IRQHandler                       0x080001b7   Thumb Code     0  startup_stm32f407xx.o(.text)
    I2C3_EV_IRQHandler                       0x080001b7   Thumb Code     0  startup_stm32f407xx.o(.text)
    OTG_FS_WKUP_IRQHandler                   0x080001b7   Thumb Code     0  startup_stm32f407xx.o(.text)
    OTG_HS_EP1_IN_IRQHandler                 0x080001b7   Thumb Code     0  startup_stm32f407xx.o(.text)
    OTG_HS_EP1_OUT_IRQHandler                0x080001b7   Thumb Code     0  startup_stm32f407xx.o(.text)
    OTG_HS_IRQHandler                        0x080001b7   Thumb Code     0  startup_stm32f407xx.o(.text)
    OTG_HS_WKUP_IRQHandler                   0x080001b7   Thumb Code     0  startup_stm32f407xx.o(.text)
    PVD_IRQHandler                           0x080001b7   Thumb Code     0  startup_stm32f407xx.o(.text)
    RCC_IRQHandler                           0x080001b7   Thumb Code     0  startup_stm32f407xx.o(.text)
    RTC_Alarm_IRQHandler                     0x080001b7   Thumb Code     0  startup_stm32f407xx.o(.text)
    RTC_WKUP_IRQHandler                      0x080001b7   Thumb Code     0  startup_stm32f407xx.o(.text)
    SDIO_IRQHandler                          0x080001b7   Thumb Code     0  startup_stm32f407xx.o(.text)
    SPI1_IRQHandler                          0x080001b7   Thumb Code     0  startup_stm32f407xx.o(.text)
    SPI2_IRQHandler                          0x080001b7   Thumb Code     0  startup_stm32f407xx.o(.text)
    SPI3_IRQHandler                          0x080001b7   Thumb Code     0  startup_stm32f407xx.o(.text)
    TAMP_STAMP_IRQHandler                    0x080001b7   Thumb Code     0  startup_stm32f407xx.o(.text)
    TIM1_BRK_TIM9_IRQHandler                 0x080001b7   Thumb Code     0  startup_stm32f407xx.o(.text)
    TIM1_CC_IRQHandler                       0x080001b7   Thumb Code     0  startup_stm32f407xx.o(.text)
    TIM1_TRG_COM_TIM11_IRQHandler            0x080001b7   Thumb Code     0  startup_stm32f407xx.o(.text)
    TIM1_UP_TIM10_IRQHandler                 0x080001b7   Thumb Code     0  startup_stm32f407xx.o(.text)
    TIM2_IRQHandler                          0x080001b7   Thumb Code     0  startup_stm32f407xx.o(.text)
    TIM4_IRQHandler                          0x080001b7   Thumb Code     0  startup_stm32f407xx.o(.text)
    TIM5_IRQHandler                          0x080001b7   Thumb Code     0  startup_stm32f407xx.o(.text)
    TIM6_DAC_IRQHandler                      0x080001b7   Thumb Code     0  startup_stm32f407xx.o(.text)
    TIM7_IRQHandler                          0x080001b7   Thumb Code     0  startup_stm32f407xx.o(.text)
    TIM8_BRK_TIM12_IRQHandler                0x080001b7   Thumb Code     0  startup_stm32f407xx.o(.text)
    TIM8_CC_IRQHandler                       0x080001b7   Thumb Code     0  startup_stm32f407xx.o(.text)
    TIM8_TRG_COM_TIM14_IRQHandler            0x080001b7   Thumb Code     0  startup_stm32f407xx.o(.text)
    TIM8_UP_TIM13_IRQHandler                 0x080001b7   Thumb Code     0  startup_stm32f407xx.o(.text)
    UART4_IRQHandler                         0x080001b7   Thumb Code     0  startup_stm32f407xx.o(.text)
    UART5_IRQHandler                         0x080001b7   Thumb Code     0  startup_stm32f407xx.o(.text)
    USART1_IRQHandler                        0x080001b7   Thumb Code     0  startup_stm32f407xx.o(.text)
    USART2_IRQHandler                        0x080001b7   Thumb Code     0  startup_stm32f407xx.o(.text)
    USART3_IRQHandler                        0x080001b7   Thumb Code     0  startup_stm32f407xx.o(.text)
    USART6_IRQHandler                        0x080001b7   Thumb Code     0  startup_stm32f407xx.o(.text)
    WWDG_IRQHandler                          0x080001b7   Thumb Code     0  startup_stm32f407xx.o(.text)
    __aeabi_uldivmod                         0x080001c1   Thumb Code    98  uldiv.o(.text)
    __aeabi_memcpy                           0x08000223   Thumb Code    36  memcpya.o(.text)
    __aeabi_memcpy4                          0x08000223   Thumb Code     0  memcpya.o(.text)
    __aeabi_memcpy8                          0x08000223   Thumb Code     0  memcpya.o(.text)
    __aeabi_memset                           0x08000247   Thumb Code    14  memseta.o(.text)
    __aeabi_memset4                          0x08000247   Thumb Code     0  memseta.o(.text)
    __aeabi_memset8                          0x08000247   Thumb Code     0  memseta.o(.text)
    __aeabi_memclr                           0x08000255   Thumb Code     4  memseta.o(.text)
    __aeabi_memclr4                          0x08000255   Thumb Code     0  memseta.o(.text)
    __aeabi_memclr8                          0x08000255   Thumb Code     0  memseta.o(.text)
    _memset$wrapper                          0x08000259   Thumb Code    18  memseta.o(.text)
    __aeabi_llsl                             0x0800026b   Thumb Code    30  llshl.o(.text)
    _ll_shift_l                              0x0800026b   Thumb Code     0  llshl.o(.text)
    __aeabi_llsr                             0x08000289   Thumb Code    32  llushr.o(.text)
    _ll_ushift_r                             0x08000289   Thumb Code     0  llushr.o(.text)
    __scatterload                            0x080002a9   Thumb Code    28  init.o(.text)
    __scatterload_rt2                        0x080002a9   Thumb Code     0  init.o(.text)
    __decompress                             0x080002cd   Thumb Code     0  __dczerorl2.o(.text)
    __decompress1                            0x080002cd   Thumb Code    86  __dczerorl2.o(.text)
    BusFault_Handler                         0x08000323   Thumb Code     2  stm32f4xx_it.o(i.BusFault_Handler)
    CDC_ReceiveCallback                      0x08000351   Thumb Code   426  main.o(i.CDC_ReceiveCallback)
    CDC_Transmit_FS                          0x08000535   Thumb Code    38  usbd_cdc_if.o(i.CDC_Transmit_FS)
    DebugMon_Handler                         0x08000561   Thumb Code     2  stm32f4xx_it.o(i.DebugMon_Handler)
    Error_Handler                            0x08000563   Thumb Code     2  main.o(i.Error_Handler)
    HAL_Delay                                0x08000565   Thumb Code    32  stm32f4xx_hal.o(i.HAL_Delay)
    HAL_GPIO_Init                            0x08000589   Thumb Code   394  stm32f4xx_hal_gpio.o(i.HAL_GPIO_Init)
    HAL_GPIO_WritePin                        0x08000741   Thumb Code    10  stm32f4xx_hal_gpio.o(i.HAL_GPIO_WritePin)
    HAL_GetTick                              0x0800074d   Thumb Code     6  stm32f4xx_hal.o(i.HAL_GetTick)
    HAL_IncTick                              0x08000759   Thumb Code    12  stm32f4xx_hal.o(i.HAL_IncTick)
    HAL_Init                                 0x08000769   Thumb Code    48  stm32f4xx_hal.o(i.HAL_Init)
    HAL_InitTick                             0x0800079d   Thumb Code    54  stm32f4xx_hal.o(i.HAL_InitTick)
    HAL_MspInit                              0x080007dd   Thumb Code    42  stm32f4xx_hal_msp.o(i.HAL_MspInit)
    HAL_NVIC_EnableIRQ                       0x0800080d   Thumb Code    26  stm32f4xx_hal_cortex.o(i.HAL_NVIC_EnableIRQ)
    HAL_NVIC_SetPriority                     0x08000829   Thumb Code    60  stm32f4xx_hal_cortex.o(i.HAL_NVIC_SetPriority)
    HAL_NVIC_SetPriorityGrouping             0x08000869   Thumb Code    26  stm32f4xx_hal_cortex.o(i.HAL_NVIC_SetPriorityGrouping)
    HAL_PCDEx_LPM_Callback                   0x0800088d   Thumb Code     2  stm32f4xx_hal_pcd_ex.o(i.HAL_PCDEx_LPM_Callback)
    HAL_PCDEx_SetRxFiFo                      0x0800088f   Thumb Code     8  stm32f4xx_hal_pcd_ex.o(i.HAL_PCDEx_SetRxFiFo)
    HAL_PCDEx_SetTxFiFo                      0x08000897   Thumb Code    68  stm32f4xx_hal_pcd_ex.o(i.HAL_PCDEx_SetTxFiFo)
    HAL_PCD_ConnectCallback                  0x080008db   Thumb Code     8  usbd_conf.o(i.HAL_PCD_ConnectCallback)
    HAL_PCD_DataInStageCallback              0x080008e3   Thumb Code    18  usbd_conf.o(i.HAL_PCD_DataInStageCallback)
    HAL_PCD_DataOutStageCallback             0x080008f5   Thumb Code    20  usbd_conf.o(i.HAL_PCD_DataOutStageCallback)
    HAL_PCD_DisconnectCallback               0x08000909   Thumb Code     8  usbd_conf.o(i.HAL_PCD_DisconnectCallback)
    HAL_PCD_EP_Close                         0x08000911   Thumb Code    76  stm32f4xx_hal_pcd.o(i.HAL_PCD_EP_Close)
    HAL_PCD_EP_ClrStall                      0x0800095d   Thumb Code    92  stm32f4xx_hal_pcd.o(i.HAL_PCD_EP_ClrStall)
    HAL_PCD_EP_GetRxCount                    0x080009b9   Thumb Code    18  stm32f4xx_hal_pcd.o(i.HAL_PCD_EP_GetRxCount)
    HAL_PCD_EP_Open                          0x080009cb   Thumb Code    96  stm32f4xx_hal_pcd.o(i.HAL_PCD_EP_Open)
    HAL_PCD_EP_Receive                       0x08000a2b   Thumb Code    72  stm32f4xx_hal_pcd.o(i.HAL_PCD_EP_Receive)
    HAL_PCD_EP_SetStall                      0x08000a73   Thumb Code   116  stm32f4xx_hal_pcd.o(i.HAL_PCD_EP_SetStall)
    HAL_PCD_EP_Transmit                      0x08000ae7   Thumb Code    64  stm32f4xx_hal_pcd.o(i.HAL_PCD_EP_Transmit)
    HAL_PCD_IRQHandler                       0x08000b29   Thumb Code  1114  stm32f4xx_hal_pcd.o(i.HAL_PCD_IRQHandler)
    HAL_PCD_ISOINIncompleteCallback          0x08000f8d   Thumb Code     8  usbd_conf.o(i.HAL_PCD_ISOINIncompleteCallback)
    HAL_PCD_ISOOUTIncompleteCallback         0x08000f95   Thumb Code     8  usbd_conf.o(i.HAL_PCD_ISOOUTIncompleteCallback)
    HAL_PCD_Init                             0x08000f9d   Thumb Code   226  stm32f4xx_hal_pcd.o(i.HAL_PCD_Init)
    HAL_PCD_MspInit                          0x08001081   Thumb Code   122  usbd_conf.o(i.HAL_PCD_MspInit)
    HAL_PCD_ResetCallback                    0x08001105   Thumb Code    44  usbd_conf.o(i.HAL_PCD_ResetCallback)
    HAL_PCD_ResumeCallback                   0x08001131   Thumb Code     8  usbd_conf.o(i.HAL_PCD_ResumeCallback)
    HAL_PCD_SOFCallback                      0x08001139   Thumb Code     8  usbd_conf.o(i.HAL_PCD_SOFCallback)
    HAL_PCD_SetAddress                       0x08001141   Thumb Code    40  stm32f4xx_hal_pcd.o(i.HAL_PCD_SetAddress)
    HAL_PCD_SetupStageCallback               0x08001169   Thumb Code    14  usbd_conf.o(i.HAL_PCD_SetupStageCallback)
    HAL_PCD_Start                            0x08001177   Thumb Code    66  stm32f4xx_hal_pcd.o(i.HAL_PCD_Start)
    HAL_PCD_SuspendCallback                  0x080011b9   Thumb Code    44  usbd_conf.o(i.HAL_PCD_SuspendCallback)
    HAL_RCC_ClockConfig                      0x080011e9   Thumb Code   288  stm32f4xx_hal_rcc.o(i.HAL_RCC_ClockConfig)
    HAL_RCC_GetHCLKFreq                      0x0800131d   Thumb Code     6  stm32f4xx_hal_rcc.o(i.HAL_RCC_GetHCLKFreq)
    HAL_RCC_GetSysClockFreq                  0x08001329   Thumb Code    88  stm32f4xx_hal_rcc.o(i.HAL_RCC_GetSysClockFreq)
    HAL_RCC_OscConfig                        0x08001389   Thumb Code   834  stm32f4xx_hal_rcc.o(i.HAL_RCC_OscConfig)
    HAL_SYSTICK_Config                       0x080016e5   Thumb Code    40  stm32f4xx_hal_cortex.o(i.HAL_SYSTICK_Config)
    HAL_TIMEx_BreakCallback                  0x0800170d   Thumb Code     2  stm32f4xx_hal_tim_ex.o(i.HAL_TIMEx_BreakCallback)
    HAL_TIMEx_CommutCallback                 0x0800170f   Thumb Code     2  stm32f4xx_hal_tim_ex.o(i.HAL_TIMEx_CommutCallback)
    HAL_TIMEx_MasterConfigSynchronization    0x08001711   Thumb Code   116  stm32f4xx_hal_tim_ex.o(i.HAL_TIMEx_MasterConfigSynchronization)
    HAL_TIM_Base_Init                        0x080017a1   Thumb Code    54  stm32f4xx_hal_tim.o(i.HAL_TIM_Base_Init)
    HAL_TIM_Base_MspInit                     0x080017d9   Thumb Code    72  stm32f4xx_hal_msp.o(i.HAL_TIM_Base_MspInit)
    HAL_TIM_Base_Start_IT                    0x08001829   Thumb Code    34  stm32f4xx_hal_tim.o(i.HAL_TIM_Base_Start_IT)
    HAL_TIM_Base_Stop_IT                     0x0800184b   Thumb Code    42  stm32f4xx_hal_tim.o(i.HAL_TIM_Base_Stop_IT)
    HAL_TIM_ConfigClockSource                0x08001875   Thumb Code   214  stm32f4xx_hal_tim.o(i.HAL_TIM_ConfigClockSource)
    HAL_TIM_Encoder_Init                     0x0800194b   Thumb Code   152  stm32f4xx_hal_tim.o(i.HAL_TIM_Encoder_Init)
    HAL_TIM_Encoder_MspInit                  0x080019e5   Thumb Code    92  stm32f4xx_hal_msp.o(i.HAL_TIM_Encoder_MspInit)
    HAL_TIM_Encoder_Start                    0x08001a4d   Thumb Code    52  stm32f4xx_hal_tim.o(i.HAL_TIM_Encoder_Start)
    HAL_TIM_Encoder_Stop                     0x08001a81   Thumb Code    70  stm32f4xx_hal_tim.o(i.HAL_TIM_Encoder_Stop)
    HAL_TIM_IC_CaptureCallback               0x08001ac7   Thumb Code     2  stm32f4xx_hal_tim.o(i.HAL_TIM_IC_CaptureCallback)
    HAL_TIM_IRQHandler                       0x08001ac9   Thumb Code   358  stm32f4xx_hal_tim.o(i.HAL_TIM_IRQHandler)
    HAL_TIM_MspPostInit                      0x08001c31   Thumb Code    70  stm32f4xx_hal_msp.o(i.HAL_TIM_MspPostInit)
    HAL_TIM_OC_DelayElapsedCallback          0x08001c81   Thumb Code     2  stm32f4xx_hal_tim.o(i.HAL_TIM_OC_DelayElapsedCallback)
    HAL_TIM_PWM_ConfigChannel                0x08001c83   Thumb Code   208  stm32f4xx_hal_tim.o(i.HAL_TIM_PWM_ConfigChannel)
    HAL_TIM_PWM_Init                         0x08001d53   Thumb Code    54  stm32f4xx_hal_tim.o(i.HAL_TIM_PWM_Init)
    HAL_TIM_PWM_MspInit                      0x08001d89   Thumb Code     2  stm32f4xx_hal_tim.o(i.HAL_TIM_PWM_MspInit)
    HAL_TIM_PWM_PulseFinishedCallback        0x08001d8b   Thumb Code     2  stm32f4xx_hal_tim.o(i.HAL_TIM_PWM_PulseFinishedCallback)
    HAL_TIM_PWM_Start                        0x08001d8d   Thumb Code    58  stm32f4xx_hal_tim.o(i.HAL_TIM_PWM_Start)
    HAL_TIM_PeriodElapsedCallback            0x08001dd1   Thumb Code  1068  main.o(i.HAL_TIM_PeriodElapsedCallback)
    HAL_TIM_TriggerCallback                  0x080021fd   Thumb Code     2  stm32f4xx_hal_tim.o(i.HAL_TIM_TriggerCallback)
    HardFault_Handler                        0x080021ff   Thumb Code     2  stm32f4xx_it.o(i.HardFault_Handler)
    MX_USB_DEVICE_Init                       0x08002429   Thumb Code    66  usb_device.o(i.MX_USB_DEVICE_Init)
    MemManage_Handler                        0x0800247d   Thumb Code     2  stm32f4xx_it.o(i.MemManage_Handler)
    NMI_Handler                              0x0800247f   Thumb Code     2  stm32f4xx_it.o(i.NMI_Handler)
    OTG_FS_IRQHandler                        0x08002481   Thumb Code     6  stm32f4xx_it.o(i.OTG_FS_IRQHandler)
    PendSV_Handler                           0x0800260b   Thumb Code     2  stm32f4xx_it.o(i.PendSV_Handler)
    SVC_Handler                              0x0800260d   Thumb Code     2  stm32f4xx_it.o(i.SVC_Handler)
    SysTick_Handler                          0x0800260f   Thumb Code     4  stm32f4xx_it.o(i.SysTick_Handler)
    SystemClock_Config                       0x08002615   Thumb Code   124  main.o(i.SystemClock_Config)
    SystemInit                               0x08002699   Thumb Code    22  system_stm32f4xx.o(i.SystemInit)
    TIM3_IRQHandler                          0x080026b5   Thumb Code     6  stm32f4xx_it.o(i.TIM3_IRQHandler)
    TIM_Base_SetConfig                       0x080026c1   Thumb Code   156  stm32f4xx_hal_tim.o(i.TIM_Base_SetConfig)
    TIM_CCxChannelCmd                        0x08002789   Thumb Code    26  stm32f4xx_hal_tim.o(i.TIM_CCxChannelCmd)
    TIM_ETR_SetConfig                        0x080027a3   Thumb Code    20  stm32f4xx_hal_tim.o(i.TIM_ETR_SetConfig)
    TIM_OC2_SetConfig                        0x08002829   Thumb Code    98  stm32f4xx_hal_tim.o(i.TIM_OC2_SetConfig)
    USBD_CDC_GetDeviceQualifierDescriptor    0x08002a75   Thumb Code     8  usbd_cdc.o(i.USBD_CDC_GetDeviceQualifierDescriptor)
    USBD_CDC_ReceivePacket                   0x08002b39   Thumb Code    40  usbd_cdc.o(i.USBD_CDC_ReceivePacket)
    USBD_CDC_RegisterInterface               0x08002b61   Thumb Code    16  usbd_cdc.o(i.USBD_CDC_RegisterInterface)
    USBD_CDC_SetRxBuffer                     0x08002b71   Thumb Code    12  usbd_cdc.o(i.USBD_CDC_SetRxBuffer)
    USBD_CDC_SetTxBuffer                     0x08002b7d   Thumb Code    16  usbd_cdc.o(i.USBD_CDC_SetTxBuffer)
    USBD_CDC_TransmitPacket                  0x08002c39   Thumb Code    54  usbd_cdc.o(i.USBD_CDC_TransmitPacket)
    USBD_ClrClassConfig                      0x08002c6f   Thumb Code    14  usbd_core.o(i.USBD_ClrClassConfig)
    USBD_CtlContinueRx                       0x08002c7d   Thumb Code    16  usbd_ioreq.o(i.USBD_CtlContinueRx)
    USBD_CtlContinueSendData                 0x08002c8d   Thumb Code    16  usbd_ioreq.o(i.USBD_CtlContinueSendData)
    USBD_CtlError                            0x08002c9d   Thumb Code    22  usbd_ctlreq.o(i.USBD_CtlError)
    USBD_CtlPrepareRx                        0x08002cb3   Thumb Code    30  usbd_ioreq.o(i.USBD_CtlPrepareRx)
    USBD_CtlReceiveStatus                    0x08002cd1   Thumb Code    22  usbd_ioreq.o(i.USBD_CtlReceiveStatus)
    USBD_CtlSendData                         0x08002ce7   Thumb Code    26  usbd_ioreq.o(i.USBD_CtlSendData)
    USBD_CtlSendStatus                       0x08002d01   Thumb Code    22  usbd_ioreq.o(i.USBD_CtlSendStatus)
    USBD_FS_ConfigStrDescriptor              0x08002d19   Thumb Code    16  usbd_desc.o(i.USBD_FS_ConfigStrDescriptor)
    USBD_FS_DeviceDescriptor                 0x08002d39   Thumb Code     8  usbd_desc.o(i.USBD_FS_DeviceDescriptor)
    USBD_FS_InterfaceStrDescriptor           0x08002d45   Thumb Code    16  usbd_desc.o(i.USBD_FS_InterfaceStrDescriptor)
    USBD_FS_LangIDStrDescriptor              0x08002d69   Thumb Code     8  usbd_desc.o(i.USBD_FS_LangIDStrDescriptor)
    USBD_FS_ManufacturerStrDescriptor        0x08002d75   Thumb Code    16  usbd_desc.o(i.USBD_FS_ManufacturerStrDescriptor)
    USBD_FS_ProductStrDescriptor             0x08002d9d   Thumb Code    16  usbd_desc.o(i.USBD_FS_ProductStrDescriptor)
    USBD_FS_SerialStrDescriptor              0x08002dc9   Thumb Code    48  usbd_desc.o(i.USBD_FS_SerialStrDescriptor)
    USBD_GetString                           0x08002ee9   Thumb Code    72  usbd_ctlreq.o(i.USBD_GetString)
    USBD_Get_USB_Status                      0x08002f31   Thumb Code    24  usbd_conf.o(i.USBD_Get_USB_Status)
    USBD_Init                                0x08002f49   Thumb Code    42  usbd_core.o(i.USBD_Init)
    USBD_LL_ClearStallEP                     0x08002f73   Thumb Code    18  usbd_conf.o(i.USBD_LL_ClearStallEP)
    USBD_LL_CloseEP                          0x08002f85   Thumb Code    18  usbd_conf.o(i.USBD_LL_CloseEP)
    USBD_LL_DataInStage                      0x08002f97   Thumb Code   198  usbd_core.o(i.USBD_LL_DataInStage)
    USBD_LL_DataOutStage                     0x0800305d   Thumb Code   130  usbd_core.o(i.USBD_LL_DataOutStage)
    USBD_LL_DevConnected                     0x080030df   Thumb Code     4  usbd_core.o(i.USBD_LL_DevConnected)
    USBD_LL_DevDisconnected                  0x080030e3   Thumb Code    22  usbd_core.o(i.USBD_LL_DevDisconnected)
    USBD_LL_GetRxDataSize                    0x080030f9   Thumb Code     8  usbd_conf.o(i.USBD_LL_GetRxDataSize)
    USBD_LL_Init                             0x08003101   Thumb Code    90  usbd_conf.o(i.USBD_LL_Init)
    USBD_LL_IsStallEP                        0x08003161   Thumb Code    32  usbd_conf.o(i.USBD_LL_IsStallEP)
    USBD_LL_IsoINIncomplete                  0x08003181   Thumb Code     4  usbd_core.o(i.USBD_LL_IsoINIncomplete)
    USBD_LL_IsoOUTIncomplete                 0x08003185   Thumb Code     4  usbd_core.o(i.USBD_LL_IsoOUTIncomplete)
    USBD_LL_OpenEP                           0x08003189   Thumb Code    24  usbd_conf.o(i.USBD_LL_OpenEP)
    USBD_LL_PrepareReceive                   0x080031a1   Thumb Code    18  usbd_conf.o(i.USBD_LL_PrepareReceive)
    USBD_LL_Reset                            0x080031b3   Thumb Code    80  usbd_core.o(i.USBD_LL_Reset)
    USBD_LL_Resume                           0x08003203   Thumb Code    12  usbd_core.o(i.USBD_LL_Resume)
    USBD_LL_SOF                              0x0800320f   Thumb Code    24  usbd_core.o(i.USBD_LL_SOF)
    USBD_LL_SetSpeed                         0x08003227   Thumb Code     6  usbd_core.o(i.USBD_LL_SetSpeed)
    USBD_LL_SetUSBAddress                    0x0800322d   Thumb Code    18  usbd_conf.o(i.USBD_LL_SetUSBAddress)
    USBD_LL_SetupStage                       0x0800323f   Thumb Code    90  usbd_core.o(i.USBD_LL_SetupStage)
    USBD_LL_StallEP                          0x08003299   Thumb Code    18  usbd_conf.o(i.USBD_LL_StallEP)
    USBD_LL_Start                            0x080032ab   Thumb Code    18  usbd_conf.o(i.USBD_LL_Start)
    USBD_LL_Suspend                          0x080032bd   Thumb Code    18  usbd_core.o(i.USBD_LL_Suspend)
    USBD_LL_Transmit                         0x080032cf   Thumb Code    18  usbd_conf.o(i.USBD_LL_Transmit)
    USBD_ParseSetupRequest                   0x080032e1   Thumb Code    40  usbd_ctlreq.o(i.USBD_ParseSetupRequest)
    USBD_RegisterClass                       0x08003309   Thumb Code    16  usbd_core.o(i.USBD_RegisterClass)
    USBD_SetClassConfig                      0x08003319   Thumb Code    22  usbd_core.o(i.USBD_SetClassConfig)
    USBD_Start                               0x080033b5   Thumb Code    10  usbd_core.o(i.USBD_Start)
    USBD_StdDevReq                           0x080033bf   Thumb Code   274  usbd_ctlreq.o(i.USBD_StdDevReq)
    USBD_StdEPReq                            0x080034d1   Thumb Code   336  usbd_ctlreq.o(i.USBD_StdEPReq)
    USBD_StdItfReq                           0x08003621   Thumb Code    78  usbd_ctlreq.o(i.USBD_StdItfReq)
    USB_ActivateEndpoint                     0x08003671   Thumb Code   122  stm32f4xx_ll_usb.o(i.USB_ActivateEndpoint)
    USB_ActivateSetup                        0x080036f1   Thumb Code    52  stm32f4xx_ll_usb.o(i.USB_ActivateSetup)
    USB_CoreInit                             0x08003725   Thumb Code   112  stm32f4xx_ll_usb.o(i.USB_CoreInit)
    USB_DeactivateEndpoint                   0x080037d1   Thumb Code   118  stm32f4xx_ll_usb.o(i.USB_DeactivateEndpoint)
    USB_DevConnect                           0x08003851   Thumb Code    24  stm32f4xx_ll_usb.o(i.USB_DevConnect)
    USB_DevDisconnect                        0x08003869   Thumb Code    24  stm32f4xx_ll_usb.o(i.USB_DevDisconnect)
    USB_DevInit                              0x08003881   Thumb Code   378  stm32f4xx_ll_usb.o(i.USB_DevInit)
    USB_DisableGlobalInt                     0x08003a0d   Thumb Code    12  stm32f4xx_ll_usb.o(i.USB_DisableGlobalInt)
    USB_EP0StartXfer                         0x08003a19   Thumb Code   276  stm32f4xx_ll_usb.o(i.USB_EP0StartXfer)
    USB_EP0_OutStart                         0x08003b31   Thumb Code    84  stm32f4xx_ll_usb.o(i.USB_EP0_OutStart)
    USB_EPClearStall                         0x08003b89   Thumb Code    88  stm32f4xx_ll_usb.o(i.USB_EPClearStall)
    USB_EPSetStall                           0x08003be1   Thumb Code    88  stm32f4xx_ll_usb.o(i.USB_EPSetStall)
    USB_EPStartXfer                          0x08003c39   Thumb Code   482  stm32f4xx_ll_usb.o(i.USB_EPStartXfer)
    USB_EnableGlobalInt                      0x08003e21   Thumb Code    12  stm32f4xx_ll_usb.o(i.USB_EnableGlobalInt)
    USB_FlushRxFifo                          0x08003e2d   Thumb Code    28  stm32f4xx_ll_usb.o(i.USB_FlushRxFifo)
    USB_FlushTxFifo                          0x08003e4d   Thumb Code    32  stm32f4xx_ll_usb.o(i.USB_FlushTxFifo)
    USB_GetDevSpeed                          0x08003e71   Thumb Code    26  stm32f4xx_ll_usb.o(i.USB_GetDevSpeed)
    USB_GetMode                              0x08003e8b   Thumb Code     8  stm32f4xx_ll_usb.o(i.USB_GetMode)
    USB_ReadDevAllInEpInterrupt              0x08003e93   Thumb Code    14  stm32f4xx_ll_usb.o(i.USB_ReadDevAllInEpInterrupt)
    USB_ReadDevAllOutEpInterrupt             0x08003ea1   Thumb Code    14  stm32f4xx_ll_usb.o(i.USB_ReadDevAllOutEpInterrupt)
    USB_ReadDevInEPInterrupt                 0x08003eaf   Thumb Code    36  stm32f4xx_ll_usb.o(i.USB_ReadDevInEPInterrupt)
    USB_ReadDevOutEPInterrupt                0x08003ed3   Thumb Code    16  stm32f4xx_ll_usb.o(i.USB_ReadDevOutEPInterrupt)
    USB_ReadInterrupts                       0x08003ee3   Thumb Code     8  stm32f4xx_ll_usb.o(i.USB_ReadInterrupts)
    USB_ReadPacket                           0x08003eeb   Thumb Code    28  stm32f4xx_ll_usb.o(i.USB_ReadPacket)
    USB_SetCurrentMode                       0x08003f07   Thumb Code    46  stm32f4xx_ll_usb.o(i.USB_SetCurrentMode)
    USB_SetDevAddress                        0x08003f35   Thumb Code    34  stm32f4xx_ll_usb.o(i.USB_SetDevAddress)
    USB_SetTurnaroundTime                    0x08003f59   Thumb Code   158  stm32f4xx_ll_usb.o(i.USB_SetTurnaroundTime)
    USB_WritePacket                          0x08004041   Thumb Code    36  stm32f4xx_ll_usb.o(i.USB_WritePacket)
    UsageFault_Handler                       0x08004065   Thumb Code     2  stm32f4xx_it.o(i.UsageFault_Handler)
    __scatterload_copy                       0x08004087   Thumb Code    14  handlers.o(i.__scatterload_copy)
    __scatterload_null                       0x08004095   Thumb Code     2  handlers.o(i.__scatterload_null)
    __scatterload_zeroinit                   0x08004097   Thumb Code    14  handlers.o(i.__scatterload_zeroinit)
    free                                     0x080040a5   Thumb Code    76  malloc.o(i.free)
    fuzzy                                    0x080040f5   Thumb Code   542  main.o(i.fuzzy)
    fuzzy_setpos                             0x08004349   Thumb Code   312  main.o(i.fuzzy_setpos)
    main                                     0x080044b5   Thumb Code    94  main.o(i.main)
    malloc                                   0x0800452d   Thumb Code    92  malloc.o(i.malloc)
    AHBPrescTable                            0x08004598   Data          16  system_stm32f4xx.o(.constdata)
    Region$$Table$$Base                      0x080045a8   Number         0  anon$$obj.o(Region$$Table)
    Region$$Table$$Limit                     0x080045c8   Number         0  anon$$obj.o(Region$$Table)
    check                                    0x20000000   Data           1  main.o(.data)
    first_start                              0x20000001   Data           1  main.o(.data)
    selection                                0x20000002   Data           1  main.o(.data)
    end_package                              0x20000003   Data           2  main.o(.data)
    pulse                                    0x20000006   Data           2  main.o(.data)
    pulse_k1                                 0x20000008   Data           2  main.o(.data)
    count_pulse                              0x2000000a   Data           2  main.o(.data)
    last_pulse                               0x2000000c   Data           2  main.o(.data)
    current_pulse                            0x2000000e   Data           2  main.o(.data)
    pwm_out                                  0x20000010   Data           2  main.o(.data)
    Kpv                                      0x20000014   Data           4  main.o(.data)
    Kdv                                      0x20000018   Data           4  main.o(.data)
    sp_header                                0x2000001c   Data           4  main.o(.data)
    po_header                                0x20000020   Data           4  main.o(.data)
    ack_header                               0x20000024   Data           4  main.o(.data)
    speed                                    0x20000028   Data           4  main.o(.data)
    set_speed                                0x2000002c   Data           4  main.o(.data)
    set_speed_k1                             0x20000030   Data           4  main.o(.data)
    kp                                       0x20000034   Data           4  main.o(.data)
    ki                                       0x20000038   Data           4  main.o(.data)
    kd                                       0x2000003c   Data           4  main.o(.data)
    u                                        0x20000040   Data           4  main.o(.data)
    u_k1                                     0x20000044   Data           4  main.o(.data)
    e                                        0x20000048   Data           4  main.o(.data)
    e_k1                                     0x2000004c   Data           4  main.o(.data)
    e_k2                                     0x20000050   Data           4  main.o(.data)
    ev                                       0x20000054   Data           4  main.o(.data)
    ev_k1                                    0x20000058   Data           4  main.o(.data)
    ev_k2                                    0x2000005c   Data           4  main.o(.data)
    ev_k3                                    0x20000060   Data           4  main.o(.data)
    uv                                       0x20000064   Data           4  main.o(.data)
    set_pos                                  0x20000068   Data           4  main.o(.data)
    pos                                      0x2000006c   Data           4  main.o(.data)
    voltage                                  0x20000070   Data           4  main.o(.data)
    th                                       0x20000074   Data           4  main.o(.data)
    data_receive                             0x20000078   Data           8  main.o(.data)
    send                                     0x20000080   Data           8  main.o(.data)
    pid1                                     0x20000088   Data          16  main.o(.data)
    pid2                                     0x20000098   Data          16  main.o(.data)
    pid3                                     0x200000a8   Data          16  main.o(.data)
    pid4                                     0x200000b8   Data          16  main.o(.data)
    pid5                                     0x200000c8   Data          16  main.o(.data)
    FS_Desc                                  0x200000d8   Data          28  usbd_desc.o(.data)
    USBD_LangIDDesc                          0x200000f4   Data           4  usbd_desc.o(.data)
    USBD_FS_DeviceDesc                       0x200000f8   Data          18  usbd_desc.o(.data)
    USBD_StringSerial                        0x2000010c   Data          26  usbd_desc.o(.data)
    USBD_Interface_fops_FS                   0x20000128   Data          16  usbd_cdc_if.o(.data)
    uwTickFreq                               0x20000138   Data           1  stm32f4xx_hal.o(.data)
    uwTickPrio                               0x2000013c   Data           4  stm32f4xx_hal.o(.data)
    uwTick                                   0x20000140   Data           4  stm32f4xx_hal.o(.data)
    SystemCoreClock                          0x20000144   Data           4  system_stm32f4xx.o(.data)
    USBD_CDC_CfgHSDesc                       0x20000158   Data          67  usbd_cdc.o(.data)
    USBD_CDC_CfgFSDesc                       0x2000019c   Data          67  usbd_cdc.o(.data)
    USBD_CDC_OtherSpeedCfgDesc               0x200001e0   Data          67  usbd_cdc.o(.data)
    USBD_CDC                                 0x20000224   Data          56  usbd_cdc.o(.data)
    __microlib_freelist                      0x2000025c   Data           4  mvars.o(.data)
    __microlib_freelist_initialised          0x20000260   Data           4  mvars.o(.data)
    htim1                                    0x20000264   Data          64  main.o(.bss)
    htim2                                    0x200002a4   Data          64  main.o(.bss)
    htim3                                    0x200002e4   Data          64  main.o(.bss)
    data_sp                                  0x20000324   Data          24  main.o(.bss)
    tune                                     0x2000033c   Data          12  main.o(.bss)
    para_data                                0x20000348   Data          30  main.o(.bss)
    hUsbDeviceFS                             0x20000368   Data         668  usb_device.o(.bss)
    hpcd_USB_OTG_FS                          0x20000604   Data        1032  usbd_conf.o(.bss)
    USBD_StrDesc                             0x20000a0c   Data         512  usbd_desc.o(.bss)
    UserRxBufferFS                           0x20000c0c   Data        2048  usbd_cdc_if.o(.bss)
    UserTxBufferFS                           0x2000140c   Data        2048  usbd_cdc_if.o(.bss)
    __heap_base                              0x20001c10   Data           0  startup_stm32f407xx.o(HEAP)
    __heap_limit                             0x20003c10   Data           0  startup_stm32f407xx.o(HEAP)
    __initial_sp                             0x20007c10   Data           0  startup_stm32f407xx.o(STACK)



==============================================================================

Memory Map of the image

  Image Entry point : 0x08000189

  Load Region LR_IROM1 (Base: 0x08000000, Size: 0x0000482c, Max: 0x00100000, ABSOLUTE, COMPRESSED[0x000046e4])

    Execution Region ER_IROM1 (Exec base: 0x08000000, Load base: 0x08000000, Size: 0x000045c8, Max: 0x00100000, ABSOLUTE)

    Exec Addr    Load Addr    Size         Type   Attr      Idx    E Section Name        Object

    0x08000000   0x08000000   0x00000188   Data   RO            3    RESET               startup_stm32f407xx.o
    0x08000188   0x08000188   0x00000000   Code   RO         3908  * .ARM.Collect$$$$00000000  mc_w.l(entry.o)
    0x08000188   0x08000188   0x00000004   Code   RO         3947    .ARM.Collect$$$$00000001  mc_w.l(entry2.o)
    0x0800018c   0x0800018c   0x00000004   Code   RO         3950    .ARM.Collect$$$$00000004  mc_w.l(entry5.o)
    0x08000190   0x08000190   0x00000000   Code   RO         3952    .ARM.Collect$$$$00000008  mc_w.l(entry7b.o)
    0x08000190   0x08000190   0x00000000   Code   RO         3954    .ARM.Collect$$$$0000000A  mc_w.l(entry8b.o)
    0x08000190   0x08000190   0x00000008   Code   RO         3955    .ARM.Collect$$$$0000000B  mc_w.l(entry9a.o)
    0x08000198   0x08000198   0x00000000   Code   RO         3957    .ARM.Collect$$$$0000000D  mc_w.l(entry10a.o)
    0x08000198   0x08000198   0x00000000   Code   RO         3959    .ARM.Collect$$$$0000000F  mc_w.l(entry11a.o)
    0x08000198   0x08000198   0x00000004   Code   RO         3948    .ARM.Collect$$$$00002712  mc_w.l(entry2.o)
    0x0800019c   0x0800019c   0x00000024   Code   RO            4    .text               startup_stm32f407xx.o
    0x080001c0   0x080001c0   0x00000062   Code   RO         3911    .text               mc_w.l(uldiv.o)
    0x08000222   0x08000222   0x00000024   Code   RO         3913    .text               mc_w.l(memcpya.o)
    0x08000246   0x08000246   0x00000024   Code   RO         3915    .text               mc_w.l(memseta.o)
    0x0800026a   0x0800026a   0x0000001e   Code   RO         3961    .text               mc_w.l(llshl.o)
    0x08000288   0x08000288   0x00000020   Code   RO         3963    .text               mc_w.l(llushr.o)
    0x080002a8   0x080002a8   0x00000024   Code   RO         3967    .text               mc_w.l(init.o)
    0x080002cc   0x080002cc   0x00000056   Code   RO         3977    .text               mc_w.l(__dczerorl2.o)
    0x08000322   0x08000322   0x00000002   Code   RO          740    i.BusFault_Handler  stm32f4xx_it.o
    0x08000324   0x08000324   0x00000004   Code   RO          682    i.CDC_Control_FS    usbd_cdc_if.o
    0x08000328   0x08000328   0x00000004   Code   RO          683    i.CDC_DeInit_FS     usbd_cdc_if.o
    0x0800032c   0x0800032c   0x00000024   Code   RO          684    i.CDC_Init_FS       usbd_cdc_if.o
    0x08000350   0x08000350   0x000001c0   Code   RO           13    i.CDC_ReceiveCallback  main.o
    0x08000510   0x08000510   0x00000024   Code   RO          686    i.CDC_Receive_FS    usbd_cdc_if.o
    0x08000534   0x08000534   0x0000002c   Code   RO          687    i.CDC_Transmit_FS   usbd_cdc_if.o
    0x08000560   0x08000560   0x00000002   Code   RO          741    i.DebugMon_Handler  stm32f4xx_it.o
    0x08000562   0x08000562   0x00000002   Code   RO           14    i.Error_Handler     main.o
    0x08000564   0x08000564   0x00000024   Code   RO         3253    i.HAL_Delay         stm32f4xx_hal.o
    0x08000588   0x08000588   0x000001b8   Code   RO         2727    i.HAL_GPIO_Init     stm32f4xx_hal_gpio.o
    0x08000740   0x08000740   0x0000000a   Code   RO         2731    i.HAL_GPIO_WritePin  stm32f4xx_hal_gpio.o
    0x0800074a   0x0800074a   0x00000002   PAD
    0x0800074c   0x0800074c   0x0000000c   Code   RO         3259    i.HAL_GetTick       stm32f4xx_hal.o
    0x08000758   0x08000758   0x00000010   Code   RO         3265    i.HAL_IncTick       stm32f4xx_hal.o
    0x08000768   0x08000768   0x00000034   Code   RO         3266    i.HAL_Init          stm32f4xx_hal.o
    0x0800079c   0x0800079c   0x00000040   Code   RO         3267    i.HAL_InitTick      stm32f4xx_hal.o
    0x080007dc   0x080007dc   0x00000030   Code   RO          828    i.HAL_MspInit       stm32f4xx_hal_msp.o
    0x0800080c   0x0800080c   0x0000001a   Code   RO         3116    i.HAL_NVIC_EnableIRQ  stm32f4xx_hal_cortex.o
    0x08000826   0x08000826   0x00000002   PAD
    0x08000828   0x08000828   0x00000040   Code   RO         3122    i.HAL_NVIC_SetPriority  stm32f4xx_hal_cortex.o
    0x08000868   0x08000868   0x00000024   Code   RO         3123    i.HAL_NVIC_SetPriorityGrouping  stm32f4xx_hal_cortex.o
    0x0800088c   0x0800088c   0x00000002   Code   RO         1103    i.HAL_PCDEx_LPM_Callback  stm32f4xx_hal_pcd_ex.o
    0x0800088e   0x0800088e   0x00000008   Code   RO         1104    i.HAL_PCDEx_SetRxFiFo  stm32f4xx_hal_pcd_ex.o
    0x08000896   0x08000896   0x00000044   Code   RO         1105    i.HAL_PCDEx_SetTxFiFo  stm32f4xx_hal_pcd_ex.o
    0x080008da   0x080008da   0x00000008   Code   RO          401    i.HAL_PCD_ConnectCallback  usbd_conf.o
    0x080008e2   0x080008e2   0x00000012   Code   RO          402    i.HAL_PCD_DataInStageCallback  usbd_conf.o
    0x080008f4   0x080008f4   0x00000014   Code   RO          403    i.HAL_PCD_DataOutStageCallback  usbd_conf.o
    0x08000908   0x08000908   0x00000008   Code   RO          404    i.HAL_PCD_DisconnectCallback  usbd_conf.o
    0x08000910   0x08000910   0x0000004c   Code   RO          891    i.HAL_PCD_EP_Close  stm32f4xx_hal_pcd.o
    0x0800095c   0x0800095c   0x0000005c   Code   RO          892    i.HAL_PCD_EP_ClrStall  stm32f4xx_hal_pcd.o
    0x080009b8   0x080009b8   0x00000012   Code   RO          894    i.HAL_PCD_EP_GetRxCount  stm32f4xx_hal_pcd.o
    0x080009ca   0x080009ca   0x00000060   Code   RO          895    i.HAL_PCD_EP_Open   stm32f4xx_hal_pcd.o
    0x08000a2a   0x08000a2a   0x00000048   Code   RO          896    i.HAL_PCD_EP_Receive  stm32f4xx_hal_pcd.o
    0x08000a72   0x08000a72   0x00000074   Code   RO          897    i.HAL_PCD_EP_SetStall  stm32f4xx_hal_pcd.o
    0x08000ae6   0x08000ae6   0x00000040   Code   RO          898    i.HAL_PCD_EP_Transmit  stm32f4xx_hal_pcd.o
    0x08000b26   0x08000b26   0x00000002   PAD
    0x08000b28   0x08000b28   0x00000464   Code   RO          900    i.HAL_PCD_IRQHandler  stm32f4xx_hal_pcd.o
    0x08000f8c   0x08000f8c   0x00000008   Code   RO          405    i.HAL_PCD_ISOINIncompleteCallback  usbd_conf.o
    0x08000f94   0x08000f94   0x00000008   Code   RO          406    i.HAL_PCD_ISOOUTIncompleteCallback  usbd_conf.o
    0x08000f9c   0x08000f9c   0x000000e2   Code   RO          903    i.HAL_PCD_Init      stm32f4xx_hal_pcd.o
    0x0800107e   0x0800107e   0x00000002   PAD
    0x08001080   0x08001080   0x00000084   Code   RO          408    i.HAL_PCD_MspInit   usbd_conf.o
    0x08001104   0x08001104   0x0000002c   Code   RO          409    i.HAL_PCD_ResetCallback  usbd_conf.o
    0x08001130   0x08001130   0x00000008   Code   RO          410    i.HAL_PCD_ResumeCallback  usbd_conf.o
    0x08001138   0x08001138   0x00000008   Code   RO          411    i.HAL_PCD_SOFCallback  usbd_conf.o
    0x08001140   0x08001140   0x00000028   Code   RO          909    i.HAL_PCD_SetAddress  stm32f4xx_hal_pcd.o
    0x08001168   0x08001168   0x0000000e   Code   RO          412    i.HAL_PCD_SetupStageCallback  usbd_conf.o
    0x08001176   0x08001176   0x00000042   Code   RO          911    i.HAL_PCD_Start     stm32f4xx_hal_pcd.o
    0x080011b8   0x080011b8   0x00000030   Code   RO          413    i.HAL_PCD_SuspendCallback  usbd_conf.o
    0x080011e8   0x080011e8   0x00000134   Code   RO         2373    i.HAL_RCC_ClockConfig  stm32f4xx_hal_rcc.o
    0x0800131c   0x0800131c   0x0000000c   Code   RO         2378    i.HAL_RCC_GetHCLKFreq  stm32f4xx_hal_rcc.o
    0x08001328   0x08001328   0x00000060   Code   RO         2382    i.HAL_RCC_GetSysClockFreq  stm32f4xx_hal_rcc.o
    0x08001388   0x08001388   0x0000035c   Code   RO         2385    i.HAL_RCC_OscConfig  stm32f4xx_hal_rcc.o
    0x080016e4   0x080016e4   0x00000028   Code   RO         3127    i.HAL_SYSTICK_Config  stm32f4xx_hal_cortex.o
    0x0800170c   0x0800170c   0x00000002   Code   RO         2121    i.HAL_TIMEx_BreakCallback  stm32f4xx_hal_tim_ex.o
    0x0800170e   0x0800170e   0x00000002   Code   RO         2122    i.HAL_TIMEx_CommutCallback  stm32f4xx_hal_tim_ex.o
    0x08001710   0x08001710   0x00000090   Code   RO         2139    i.HAL_TIMEx_MasterConfigSynchronization  stm32f4xx_hal_tim_ex.o
    0x080017a0   0x080017a0   0x00000036   Code   RO         1446    i.HAL_TIM_Base_Init  stm32f4xx_hal_tim.o
    0x080017d6   0x080017d6   0x00000002   PAD
    0x080017d8   0x080017d8   0x00000050   Code   RO          830    i.HAL_TIM_Base_MspInit  stm32f4xx_hal_msp.o
    0x08001828   0x08001828   0x00000022   Code   RO         1451    i.HAL_TIM_Base_Start_IT  stm32f4xx_hal_tim.o
    0x0800184a   0x0800184a   0x0000002a   Code   RO         1454    i.HAL_TIM_Base_Stop_IT  stm32f4xx_hal_tim.o
    0x08001874   0x08001874   0x000000d6   Code   RO         1455    i.HAL_TIM_ConfigClockSource  stm32f4xx_hal_tim.o
    0x0800194a   0x0800194a   0x00000098   Code   RO         1464    i.HAL_TIM_Encoder_Init  stm32f4xx_hal_tim.o
    0x080019e2   0x080019e2   0x00000002   PAD
    0x080019e4   0x080019e4   0x00000068   Code   RO          832    i.HAL_TIM_Encoder_MspInit  stm32f4xx_hal_msp.o
    0x08001a4c   0x08001a4c   0x00000034   Code   RO         1467    i.HAL_TIM_Encoder_Start  stm32f4xx_hal_tim.o
    0x08001a80   0x08001a80   0x00000046   Code   RO         1470    i.HAL_TIM_Encoder_Stop  stm32f4xx_hal_tim.o
    0x08001ac6   0x08001ac6   0x00000002   Code   RO         1475    i.HAL_TIM_IC_CaptureCallback  stm32f4xx_hal_tim.o
    0x08001ac8   0x08001ac8   0x00000166   Code   RO         1489    i.HAL_TIM_IRQHandler  stm32f4xx_hal_tim.o
    0x08001c2e   0x08001c2e   0x00000002   PAD
    0x08001c30   0x08001c30   0x00000050   Code   RO          833    i.HAL_TIM_MspPostInit  stm32f4xx_hal_msp.o
    0x08001c80   0x08001c80   0x00000002   Code   RO         1492    i.HAL_TIM_OC_DelayElapsedCallback  stm32f4xx_hal_tim.o
    0x08001c82   0x08001c82   0x000000d0   Code   RO         1513    i.HAL_TIM_PWM_ConfigChannel  stm32f4xx_hal_tim.o
    0x08001d52   0x08001d52   0x00000036   Code   RO         1516    i.HAL_TIM_PWM_Init  stm32f4xx_hal_tim.o
    0x08001d88   0x08001d88   0x00000002   Code   RO         1518    i.HAL_TIM_PWM_MspInit  stm32f4xx_hal_tim.o
    0x08001d8a   0x08001d8a   0x00000002   Code   RO         1519    i.HAL_TIM_PWM_PulseFinishedCallback  stm32f4xx_hal_tim.o
    0x08001d8c   0x08001d8c   0x00000044   Code   RO         1521    i.HAL_TIM_PWM_Start  stm32f4xx_hal_tim.o
    0x08001dd0   0x08001dd0   0x0000042c   Code   RO           15    i.HAL_TIM_PeriodElapsedCallback  main.o
    0x080021fc   0x080021fc   0x00000002   Code   RO         1532    i.HAL_TIM_TriggerCallback  stm32f4xx_hal_tim.o
    0x080021fe   0x080021fe   0x00000002   Code   RO          742    i.HardFault_Handler  stm32f4xx_it.o
    0x08002200   0x08002200   0x00000038   Code   RO          596    i.IntToUnicode      usbd_desc.o
    0x08002238   0x08002238   0x000000c8   Code   RO           16    i.MX_GPIO_Init      main.o
    0x08002300   0x08002300   0x00000060   Code   RO           17    i.MX_TIM1_Init      main.o
    0x08002360   0x08002360   0x00000078   Code   RO           18    i.MX_TIM2_Init      main.o
    0x080023d8   0x080023d8   0x00000050   Code   RO           19    i.MX_TIM3_Init      main.o
    0x08002428   0x08002428   0x00000054   Code   RO          248    i.MX_USB_DEVICE_Init  usb_device.o
    0x0800247c   0x0800247c   0x00000002   Code   RO          743    i.MemManage_Handler  stm32f4xx_it.o
    0x0800247e   0x0800247e   0x00000002   Code   RO          744    i.NMI_Handler       stm32f4xx_it.o
    0x08002480   0x08002480   0x0000000c   Code   RO          745    i.OTG_FS_IRQHandler  stm32f4xx_it.o
    0x0800248c   0x0800248c   0x000000dc   Code   RO          914    i.PCD_EP_OutXfrComplete_int  stm32f4xx_hal_pcd.o
    0x08002568   0x08002568   0x000000a2   Code   RO          915    i.PCD_WriteEmptyTxFifo  stm32f4xx_hal_pcd.o
    0x0800260a   0x0800260a   0x00000002   Code   RO          746    i.PendSV_Handler    stm32f4xx_it.o
    0x0800260c   0x0800260c   0x00000002   Code   RO          747    i.SVC_Handler       stm32f4xx_it.o
    0x0800260e   0x0800260e   0x00000004   Code   RO          748    i.SysTick_Handler   stm32f4xx_it.o
    0x08002612   0x08002612   0x00000002   PAD
    0x08002614   0x08002614   0x00000084   Code   RO           20    i.SystemClock_Config  main.o
    0x08002698   0x08002698   0x0000001c   Code   RO         3505    i.SystemInit        system_stm32f4xx.o
    0x080026b4   0x080026b4   0x0000000c   Code   RO          749    i.TIM3_IRQHandler   stm32f4xx_it.o
    0x080026c0   0x080026c0   0x000000c8   Code   RO         1534    i.TIM_Base_SetConfig  stm32f4xx_hal_tim.o
    0x08002788   0x08002788   0x0000001a   Code   RO         1535    i.TIM_CCxChannelCmd  stm32f4xx_hal_tim.o
    0x080027a2   0x080027a2   0x00000014   Code   RO         1545    i.TIM_ETR_SetConfig  stm32f4xx_hal_tim.o
    0x080027b6   0x080027b6   0x00000010   Code   RO         1546    i.TIM_ITRx_SetConfig  stm32f4xx_hal_tim.o
    0x080027c6   0x080027c6   0x00000002   PAD
    0x080027c8   0x080027c8   0x00000060   Code   RO         1547    i.TIM_OC1_SetConfig  stm32f4xx_hal_tim.o
    0x08002828   0x08002828   0x0000006c   Code   RO         1548    i.TIM_OC2_SetConfig  stm32f4xx_hal_tim.o
    0x08002894   0x08002894   0x00000068   Code   RO         1549    i.TIM_OC3_SetConfig  stm32f4xx_hal_tim.o
    0x080028fc   0x080028fc   0x00000050   Code   RO         1550    i.TIM_OC4_SetConfig  stm32f4xx_hal_tim.o
    0x0800294c   0x0800294c   0x00000022   Code   RO         1552    i.TIM_TI1_ConfigInputStage  stm32f4xx_hal_tim.o
    0x0800296e   0x0800296e   0x00000024   Code   RO         1554    i.TIM_TI2_ConfigInputStage  stm32f4xx_hal_tim.o
    0x08002992   0x08002992   0x0000004a   Code   RO         3805    i.USBD_CDC_DataIn   usbd_cdc.o
    0x080029dc   0x080029dc   0x0000002e   Code   RO         3806    i.USBD_CDC_DataOut  usbd_cdc.o
    0x08002a0a   0x08002a0a   0x00000044   Code   RO         3807    i.USBD_CDC_DeInit   usbd_cdc.o
    0x08002a4e   0x08002a4e   0x00000024   Code   RO         3808    i.USBD_CDC_EP0_RxReady  usbd_cdc.o
    0x08002a72   0x08002a72   0x00000002   PAD
    0x08002a74   0x08002a74   0x0000000c   Code   RO         3809    i.USBD_CDC_GetDeviceQualifierDescriptor  usbd_cdc.o
    0x08002a80   0x08002a80   0x0000000c   Code   RO         3810    i.USBD_CDC_GetFSCfgDesc  usbd_cdc.o
    0x08002a8c   0x08002a8c   0x0000000c   Code   RO         3811    i.USBD_CDC_GetHSCfgDesc  usbd_cdc.o
    0x08002a98   0x08002a98   0x0000000c   Code   RO         3812    i.USBD_CDC_GetOtherSpeedCfgDesc  usbd_cdc.o
    0x08002aa4   0x08002aa4   0x00000094   Code   RO         3813    i.USBD_CDC_Init     usbd_cdc.o
    0x08002b38   0x08002b38   0x00000028   Code   RO         3814    i.USBD_CDC_ReceivePacket  usbd_cdc.o
    0x08002b60   0x08002b60   0x00000010   Code   RO         3815    i.USBD_CDC_RegisterInterface  usbd_cdc.o
    0x08002b70   0x08002b70   0x0000000c   Code   RO         3816    i.USBD_CDC_SetRxBuffer  usbd_cdc.o
    0x08002b7c   0x08002b7c   0x00000010   Code   RO         3817    i.USBD_CDC_SetTxBuffer  usbd_cdc.o
    0x08002b8c   0x08002b8c   0x000000ac   Code   RO         3818    i.USBD_CDC_Setup    usbd_cdc.o
    0x08002c38   0x08002c38   0x00000036   Code   RO         3819    i.USBD_CDC_TransmitPacket  usbd_cdc.o
    0x08002c6e   0x08002c6e   0x0000000e   Code   RO         3542    i.USBD_ClrClassConfig  usbd_core.o
    0x08002c7c   0x08002c7c   0x00000010   Code   RO         3745    i.USBD_CtlContinueRx  usbd_ioreq.o
    0x08002c8c   0x08002c8c   0x00000010   Code   RO         3746    i.USBD_CtlContinueSendData  usbd_ioreq.o
    0x08002c9c   0x08002c9c   0x00000016   Code   RO         3680    i.USBD_CtlError     usbd_ctlreq.o
    0x08002cb2   0x08002cb2   0x0000001e   Code   RO         3747    i.USBD_CtlPrepareRx  usbd_ioreq.o
    0x08002cd0   0x08002cd0   0x00000016   Code   RO         3748    i.USBD_CtlReceiveStatus  usbd_ioreq.o
    0x08002ce6   0x08002ce6   0x0000001a   Code   RO         3749    i.USBD_CtlSendData  usbd_ioreq.o
    0x08002d00   0x08002d00   0x00000016   Code   RO         3750    i.USBD_CtlSendStatus  usbd_ioreq.o
    0x08002d16   0x08002d16   0x00000002   PAD
    0x08002d18   0x08002d18   0x00000020   Code   RO          597    i.USBD_FS_ConfigStrDescriptor  usbd_desc.o
    0x08002d38   0x08002d38   0x0000000c   Code   RO          598    i.USBD_FS_DeviceDescriptor  usbd_desc.o
    0x08002d44   0x08002d44   0x00000024   Code   RO          599    i.USBD_FS_InterfaceStrDescriptor  usbd_desc.o
    0x08002d68   0x08002d68   0x0000000c   Code   RO          600    i.USBD_FS_LangIDStrDescriptor  usbd_desc.o
    0x08002d74   0x08002d74   0x00000028   Code   RO          601    i.USBD_FS_ManufacturerStrDescriptor  usbd_desc.o
    0x08002d9c   0x08002d9c   0x0000002c   Code   RO          602    i.USBD_FS_ProductStrDescriptor  usbd_desc.o
    0x08002dc8   0x08002dc8   0x00000038   Code   RO          603    i.USBD_FS_SerialStrDescriptor  usbd_desc.o
    0x08002e00   0x08002e00   0x000000e8   Code   RO         3681    i.USBD_GetDescriptor  usbd_ctlreq.o
    0x08002ee8   0x08002ee8   0x00000048   Code   RO         3682    i.USBD_GetString    usbd_ctlreq.o
    0x08002f30   0x08002f30   0x00000018   Code   RO          414    i.USBD_Get_USB_Status  usbd_conf.o
    0x08002f48   0x08002f48   0x0000002a   Code   RO         3544    i.USBD_Init         usbd_core.o
    0x08002f72   0x08002f72   0x00000012   Code   RO          415    i.USBD_LL_ClearStallEP  usbd_conf.o
    0x08002f84   0x08002f84   0x00000012   Code   RO          416    i.USBD_LL_CloseEP   usbd_conf.o
    0x08002f96   0x08002f96   0x000000c6   Code   RO         3545    i.USBD_LL_DataInStage  usbd_core.o
    0x0800305c   0x0800305c   0x00000082   Code   RO         3546    i.USBD_LL_DataOutStage  usbd_core.o
    0x080030de   0x080030de   0x00000004   Code   RO         3547    i.USBD_LL_DevConnected  usbd_core.o
    0x080030e2   0x080030e2   0x00000016   Code   RO         3548    i.USBD_LL_DevDisconnected  usbd_core.o
    0x080030f8   0x080030f8   0x00000008   Code   RO          420    i.USBD_LL_GetRxDataSize  usbd_conf.o
    0x08003100   0x08003100   0x00000060   Code   RO          421    i.USBD_LL_Init      usbd_conf.o
    0x08003160   0x08003160   0x00000020   Code   RO          422    i.USBD_LL_IsStallEP  usbd_conf.o
    0x08003180   0x08003180   0x00000004   Code   RO         3549    i.USBD_LL_IsoINIncomplete  usbd_core.o
    0x08003184   0x08003184   0x00000004   Code   RO         3550    i.USBD_LL_IsoOUTIncomplete  usbd_core.o
    0x08003188   0x08003188   0x00000018   Code   RO          423    i.USBD_LL_OpenEP    usbd_conf.o
    0x080031a0   0x080031a0   0x00000012   Code   RO          424    i.USBD_LL_PrepareReceive  usbd_conf.o
    0x080031b2   0x080031b2   0x00000050   Code   RO         3551    i.USBD_LL_Reset     usbd_core.o
    0x08003202   0x08003202   0x0000000c   Code   RO         3552    i.USBD_LL_Resume    usbd_core.o
    0x0800320e   0x0800320e   0x00000018   Code   RO         3553    i.USBD_LL_SOF       usbd_core.o
    0x08003226   0x08003226   0x00000006   Code   RO         3554    i.USBD_LL_SetSpeed  usbd_core.o
    0x0800322c   0x0800322c   0x00000012   Code   RO          425    i.USBD_LL_SetUSBAddress  usbd_conf.o
    0x0800323e   0x0800323e   0x0000005a   Code   RO         3555    i.USBD_LL_SetupStage  usbd_core.o
    0x08003298   0x08003298   0x00000012   Code   RO          426    i.USBD_LL_StallEP   usbd_conf.o
    0x080032aa   0x080032aa   0x00000012   Code   RO          427    i.USBD_LL_Start     usbd_conf.o
    0x080032bc   0x080032bc   0x00000012   Code   RO         3556    i.USBD_LL_Suspend   usbd_core.o
    0x080032ce   0x080032ce   0x00000012   Code   RO          429    i.USBD_LL_Transmit  usbd_conf.o
    0x080032e0   0x080032e0   0x00000028   Code   RO         3683    i.USBD_ParseSetupRequest  usbd_ctlreq.o
    0x08003308   0x08003308   0x00000010   Code   RO         3557    i.USBD_RegisterClass  usbd_core.o
    0x08003318   0x08003318   0x00000016   Code   RO         3559    i.USBD_SetClassConfig  usbd_core.o
    0x0800332e   0x0800332e   0x00000002   PAD
    0x08003330   0x08003330   0x00000084   Code   RO         3684    i.USBD_SetConfig    usbd_ctlreq.o
    0x080033b4   0x080033b4   0x0000000a   Code   RO         3560    i.USBD_Start        usbd_core.o
    0x080033be   0x080033be   0x00000112   Code   RO         3685    i.USBD_StdDevReq    usbd_ctlreq.o
    0x080034d0   0x080034d0   0x00000150   Code   RO         3686    i.USBD_StdEPReq     usbd_ctlreq.o
    0x08003620   0x08003620   0x0000004e   Code   RO         3687    i.USBD_StdItfReq    usbd_ctlreq.o
    0x0800366e   0x0800366e   0x00000002   PAD
    0x08003670   0x08003670   0x00000080   Code   RO         1145    i.USB_ActivateEndpoint  stm32f4xx_ll_usb.o
    0x080036f0   0x080036f0   0x00000034   Code   RO         1147    i.USB_ActivateSetup  stm32f4xx_ll_usb.o
    0x08003724   0x08003724   0x00000074   Code   RO         1149    i.USB_CoreInit      stm32f4xx_ll_usb.o
    0x08003798   0x08003798   0x00000038   Code   RO         1150    i.USB_CoreReset     stm32f4xx_ll_usb.o
    0x080037d0   0x080037d0   0x00000080   Code   RO         1153    i.USB_DeactivateEndpoint  stm32f4xx_ll_usb.o
    0x08003850   0x08003850   0x00000018   Code   RO         1154    i.USB_DevConnect    stm32f4xx_ll_usb.o
    0x08003868   0x08003868   0x00000018   Code   RO         1155    i.USB_DevDisconnect  stm32f4xx_ll_usb.o
    0x08003880   0x08003880   0x0000018c   Code   RO         1156    i.USB_DevInit       stm32f4xx_ll_usb.o
    0x08003a0c   0x08003a0c   0x0000000c   Code   RO         1157    i.USB_DisableGlobalInt  stm32f4xx_ll_usb.o
    0x08003a18   0x08003a18   0x00000118   Code   RO         1160    i.USB_EP0StartXfer  stm32f4xx_ll_usb.o
    0x08003b30   0x08003b30   0x00000058   Code   RO         1161    i.USB_EP0_OutStart  stm32f4xx_ll_usb.o
    0x08003b88   0x08003b88   0x00000058   Code   RO         1162    i.USB_EPClearStall  stm32f4xx_ll_usb.o
    0x08003be0   0x08003be0   0x00000058   Code   RO         1163    i.USB_EPSetStall    stm32f4xx_ll_usb.o
    0x08003c38   0x08003c38   0x000001e8   Code   RO         1164    i.USB_EPStartXfer   stm32f4xx_ll_usb.o
    0x08003e20   0x08003e20   0x0000000c   Code   RO         1165    i.USB_EnableGlobalInt  stm32f4xx_ll_usb.o
    0x08003e2c   0x08003e2c   0x00000020   Code   RO         1166    i.USB_FlushRxFifo   stm32f4xx_ll_usb.o
    0x08003e4c   0x08003e4c   0x00000024   Code   RO         1167    i.USB_FlushTxFifo   stm32f4xx_ll_usb.o
    0x08003e70   0x08003e70   0x0000001a   Code   RO         1169    i.USB_GetDevSpeed   stm32f4xx_ll_usb.o
    0x08003e8a   0x08003e8a   0x00000008   Code   RO         1171    i.USB_GetMode       stm32f4xx_ll_usb.o
    0x08003e92   0x08003e92   0x0000000e   Code   RO         1178    i.USB_ReadDevAllInEpInterrupt  stm32f4xx_ll_usb.o
    0x08003ea0   0x08003ea0   0x0000000e   Code   RO         1179    i.USB_ReadDevAllOutEpInterrupt  stm32f4xx_ll_usb.o
    0x08003eae   0x08003eae   0x00000024   Code   RO         1180    i.USB_ReadDevInEPInterrupt  stm32f4xx_ll_usb.o
    0x08003ed2   0x08003ed2   0x00000010   Code   RO         1181    i.USB_ReadDevOutEPInterrupt  stm32f4xx_ll_usb.o
    0x08003ee2   0x08003ee2   0x00000008   Code   RO         1182    i.USB_ReadInterrupts  stm32f4xx_ll_usb.o
    0x08003eea   0x08003eea   0x0000001c   Code   RO         1183    i.USB_ReadPacket    stm32f4xx_ll_usb.o
    0x08003f06   0x08003f06   0x0000002e   Code   RO         1185    i.USB_SetCurrentMode  stm32f4xx_ll_usb.o
    0x08003f34   0x08003f34   0x00000022   Code   RO         1186    i.USB_SetDevAddress  stm32f4xx_ll_usb.o
    0x08003f56   0x08003f56   0x00000002   PAD
    0x08003f58   0x08003f58   0x000000e8   Code   RO         1188    i.USB_SetTurnaroundTime  stm32f4xx_ll_usb.o
    0x08004040   0x08004040   0x00000024   Code   RO         1191    i.USB_WritePacket   stm32f4xx_ll_usb.o
    0x08004064   0x08004064   0x00000002   Code   RO          750    i.UsageFault_Handler  stm32f4xx_it.o
    0x08004066   0x08004066   0x00000020   Code   RO         3129    i.__NVIC_SetPriority  stm32f4xx_hal_cortex.o
    0x08004086   0x08004086   0x0000000e   Code   RO         3971    i.__scatterload_copy  mc_w.l(handlers.o)
    0x08004094   0x08004094   0x00000002   Code   RO         3972    i.__scatterload_null  mc_w.l(handlers.o)
    0x08004096   0x08004096   0x0000000e   Code   RO         3973    i.__scatterload_zeroinit  mc_w.l(handlers.o)
    0x080040a4   0x080040a4   0x00000050   Code   RO         3919    i.free              mc_w.l(malloc.o)
    0x080040f4   0x080040f4   0x00000254   Code   RO           21    i.fuzzy             main.o
    0x08004348   0x08004348   0x0000016c   Code   RO           22    i.fuzzy_setpos      main.o
    0x080044b4   0x080044b4   0x00000078   Code   RO           23    i.main              main.o
    0x0800452c   0x0800452c   0x0000006c   Code   RO         3920    i.malloc            mc_w.l(malloc.o)
    0x08004598   0x08004598   0x00000010   Data   RO         3506    .constdata          system_stm32f4xx.o
    0x080045a8   0x080045a8   0x00000020   Data   RO         3969    Region$$Table       anon$$obj.o


    Execution Region RW_IRAM1 (Exec base: 0x20000000, Load base: 0x080045c8, Size: 0x00007c10, Max: 0x00020000, ABSOLUTE, COMPRESSED[0x0000011c])

    Exec Addr    Load Addr    Size         Type   Attr      Idx    E Section Name        Object

    0x20000000   COMPRESSED   0x000000d8   Data   RW           26    .data               main.o
    0x200000d8   COMPRESSED   0x0000001c   Data   RW          605    .data               usbd_desc.o
    0x200000f4   COMPRESSED   0x00000032   Data   RW          606    .data               usbd_desc.o
    0x20000126   COMPRESSED   0x00000002   PAD
    0x20000128   COMPRESSED   0x00000010   Data   RW          689    .data               usbd_cdc_if.o
    0x20000138   COMPRESSED   0x0000000c   Data   RW         3273    .data               stm32f4xx_hal.o
    0x20000144   COMPRESSED   0x00000004   Data   RW         3508    .data               system_stm32f4xx.o
    0x20000148   COMPRESSED   0x00000001   Data   RW         3688    .data               usbd_ctlreq.o
    0x20000149   COMPRESSED   0x00000003   PAD
    0x2000014c   COMPRESSED   0x000000d7   Data   RW         3820    .data               usbd_cdc.o
    0x20000223   COMPRESSED   0x00000001   PAD
    0x20000224   COMPRESSED   0x00000038   Data   RW         3821    .data               usbd_cdc.o
    0x2000025c   COMPRESSED   0x00000004   Data   RW         3965    .data               mc_w.l(mvars.o)
    0x20000260   COMPRESSED   0x00000004   Data   RW         3966    .data               mc_w.l(mvars.o)
    0x20000264        -       0x00000102   Zero   RW           24    .bss                main.o
    0x20000366   COMPRESSED   0x00000002   PAD
    0x20000368        -       0x0000029c   Zero   RW          249    .bss                usb_device.o
    0x20000604        -       0x00000408   Zero   RW          430    .bss                usbd_conf.o
    0x20000a0c        -       0x00000200   Zero   RW          604    .bss                usbd_desc.o
    0x20000c0c        -       0x00001000   Zero   RW          688    .bss                usbd_cdc_if.o
    0x20001c0c   COMPRESSED   0x00000004   PAD
    0x20001c10        -       0x00002000   Zero   RW            2    HEAP                startup_stm32f407xx.o
    0x20003c10        -       0x00004000   Zero   RW            1    STACK               startup_stm32f407xx.o


==============================================================================

Image component sizes


      Code (inc. data)   RO Data    RW Data    ZI Data      Debug   Object Name

      3226        262          0        216        258     683734   main.o
        36          8        392          0      24576        820   startup_stm32f407xx.o
       180         28          0         12          0       9285   stm32f4xx_hal.o
       198         14          0          0          0      33855   stm32f4xx_hal_cortex.o
       450         46          0          0          0       2348   stm32f4xx_hal_gpio.o
       312         36          0          0          0       2837   stm32f4xx_hal_msp.o
      2372         18          0          0          0      12685   stm32f4xx_hal_pcd.o
        78          0          0          0          0       2345   stm32f4xx_hal_pcd_ex.o
      1276         60          0          0          0       4442   stm32f4xx_hal_rcc.o
      2036         90          0          0          0      19063   stm32f4xx_hal_tim.o
       148         28          0          0          0       2393   stm32f4xx_hal_tim_ex.o
        44         12          0          0          0       4832   stm32f4xx_it.o
      2546        140          0          0          0      22307   stm32f4xx_ll_usb.o
        28          6         16          4          0       1083   system_stm32f4xx.o
        84         18          0          0        668     686079   usb_device.o
       730         16          0        271          0      13230   usbd_cdc.o
       124         22          0         16       4096       3252   usbd_cdc_if.o
       634         20          0          0       1032      14508   usbd_conf.o
       696          0          0          0          0      12037   usbd_core.o
      1186         28          0          1          0       7984   usbd_ctlreq.o
       288        104          0         78        512       5765   usbd_desc.o
       132          0          0          0          0       4400   usbd_ioreq.o

    ----------------------------------------------------------------------
     16832        956        440        604      31148    1549284   Object Totals
         0          0         32          0          0          0   (incl. Generated)
        28          0          0          6          6          0   (incl. Padding)

    ----------------------------------------------------------------------

      Code (inc. data)   RO Data    RW Data    ZI Data      Debug   Library Member Name

        86          0          0          0          0          0   __dczerorl2.o
         0          0          0          0          0          0   entry.o
         0          0          0          0          0          0   entry10a.o
         0          0          0          0          0          0   entry11a.o
         8          4          0          0          0          0   entry2.o
         4          0          0          0          0          0   entry5.o
         0          0          0          0          0          0   entry7b.o
         0          0          0          0          0          0   entry8b.o
         8          4          0          0          0          0   entry9a.o
        30          0          0          0          0          0   handlers.o
        36          8          0          0          0         68   init.o
        30          0          0          0          0         68   llshl.o
        32          0          0          0          0         68   llushr.o
       188         20          0          0          0        160   malloc.o
        36          0          0          0          0         68   memcpya.o
        36          0          0          0          0        108   memseta.o
         0          0          0          8          0          0   mvars.o
        98          0          0          0          0         92   uldiv.o

    ----------------------------------------------------------------------
       592         36          0          8          0        632   Library Totals
         0          0          0          0          0          0   (incl. Padding)

    ----------------------------------------------------------------------

      Code (inc. data)   RO Data    RW Data    ZI Data      Debug   Library Name

       592         36          0          8          0        632   mc_w.l

    ----------------------------------------------------------------------
       592         36          0          8          0        632   Library Totals

    ----------------------------------------------------------------------

==============================================================================


      Code (inc. data)   RO Data    RW Data    ZI Data      Debug   

     17424        992        440        612      31148    1530740   Grand Totals
     17424        992        440        284      31148    1530740   ELF Image Totals (compressed)
     17424        992        440        284          0          0   ROM Totals

==============================================================================

    Total RO  Size (Code + RO Data)                17864 (  17.45kB)
    Total RW  Size (RW Data + ZI Data)             31760 (  31.02kB)
    Total ROM Size (Code + RO Data + RW Data)      18148 (  17.72kB)

==============================================================================

